Archive member included to satisfy reference by file (symbol)

/home/tanguy/Documents/Eeloo_Pad/random_test/lpcxpresso54608_lcdc_tft/libs/libpower_hardabi.a(fsl_power_lib.o)
                              ./drivers/fsl_clock.o (POWER_SetVoltageForFreq)
/usr/local/mcuxpressoide-11.3.1_5262/ide/plugins/com.nxp.mcuxpresso.tools.linux_11.3.0.202011031536/tools/bin/../lib/gcc/arm-none-eabi/9.3.1/../../../../arm-none-eabi/lib/thumb/v7e-m+fp/hard/libcr_semihost_nf.a(_cr__main.o)
                              ./startup/startup_lpc54608.o (__main)
/usr/local/mcuxpressoide-11.3.1_5262/ide/plugins/com.nxp.mcuxpresso.tools.linux_11.3.0.202011031536/tools/bin/../lib/gcc/arm-none-eabi/9.3.1/../../../../arm-none-eabi/lib/thumb/v7e-m+fp/hard/libcr_c.a(memcpy.o)
                              /home/tanguy/Documents/Eeloo_Pad/random_test/lpcxpresso54608_lcdc_tft/libs/libpower_hardabi.a(fsl_power_lib.o) (memcpy)
/usr/local/mcuxpressoide-11.3.1_5262/ide/plugins/com.nxp.mcuxpresso.tools.linux_11.3.0.202011031536/tools/bin/../lib/gcc/arm-none-eabi/9.3.1/../../../../arm-none-eabi/lib/thumb/v7e-m+fp/hard/libcr_c.a(memset.o)
                              ./drivers/fsl_lcdc.o (memset)
/usr/local/mcuxpressoide-11.3.1_5262/ide/plugins/com.nxp.mcuxpresso.tools.linux_11.3.0.202011031536/tools/bin/../lib/gcc/arm-none-eabi/9.3.1/../../../../arm-none-eabi/lib/thumb/v7e-m+fp/hard/libcr_c.a(alloc.o)
                              ./drivers/fsl_common.o (malloc)
/usr/local/mcuxpressoide-11.3.1_5262/ide/plugins/com.nxp.mcuxpresso.tools.linux_11.3.0.202011031536/tools/bin/../lib/gcc/arm-none-eabi/9.3.1/../../../../arm-none-eabi/lib/thumb/v7e-m+fp/hard/libcr_c.a(asin.o)
                              ./source/navball.o (asin)
/usr/local/mcuxpressoide-11.3.1_5262/ide/plugins/com.nxp.mcuxpresso.tools.linux_11.3.0.202011031536/tools/bin/../lib/gcc/arm-none-eabi/9.3.1/../../../../arm-none-eabi/lib/thumb/v7e-m+fp/hard/libcr_c.a(atan2.o)
                              ./source/navball.o (atan2)
/usr/local/mcuxpressoide-11.3.1_5262/ide/plugins/com.nxp.mcuxpresso.tools.linux_11.3.0.202011031536/tools/bin/../lib/gcc/arm-none-eabi/9.3.1/../../../../arm-none-eabi/lib/thumb/v7e-m+fp/hard/libcr_c.a(ceil.o)
                              ./source/navball.o (ceil)
/usr/local/mcuxpressoide-11.3.1_5262/ide/plugins/com.nxp.mcuxpresso.tools.linux_11.3.0.202011031536/tools/bin/../lib/gcc/arm-none-eabi/9.3.1/../../../../arm-none-eabi/lib/thumb/v7e-m+fp/hard/libcr_c.a(cos.o)
                              ./source/navball.o (cos)
/usr/local/mcuxpressoide-11.3.1_5262/ide/plugins/com.nxp.mcuxpresso.tools.linux_11.3.0.202011031536/tools/bin/../lib/gcc/arm-none-eabi/9.3.1/../../../../arm-none-eabi/lib/thumb/v7e-m+fp/hard/libcr_c.a(errno.o)
                              /usr/local/mcuxpressoide-11.3.1_5262/ide/plugins/com.nxp.mcuxpresso.tools.linux_11.3.0.202011031536/tools/bin/../lib/gcc/arm-none-eabi/9.3.1/../../../../arm-none-eabi/lib/thumb/v7e-m+fp/hard/libcr_c.a(atan2.o) (errno)
/usr/local/mcuxpressoide-11.3.1_5262/ide/plugins/com.nxp.mcuxpresso.tools.linux_11.3.0.202011031536/tools/bin/../lib/gcc/arm-none-eabi/9.3.1/../../../../arm-none-eabi/lib/thumb/v7e-m+fp/hard/libcr_c.a(fabs.o)
                              /usr/local/mcuxpressoide-11.3.1_5262/ide/plugins/com.nxp.mcuxpresso.tools.linux_11.3.0.202011031536/tools/bin/../lib/gcc/arm-none-eabi/9.3.1/../../../../arm-none-eabi/lib/thumb/v7e-m+fp/hard/libcr_c.a(atan2.o) (fabs)
/usr/local/mcuxpressoide-11.3.1_5262/ide/plugins/com.nxp.mcuxpresso.tools.linux_11.3.0.202011031536/tools/bin/../lib/gcc/arm-none-eabi/9.3.1/../../../../arm-none-eabi/lib/thumb/v7e-m+fp/hard/libcr_c.a(fclose.o)
                              ./source/navball.o (fclose)
/usr/local/mcuxpressoide-11.3.1_5262/ide/plugins/com.nxp.mcuxpresso.tools.linux_11.3.0.202011031536/tools/bin/../lib/gcc/arm-none-eabi/9.3.1/../../../../arm-none-eabi/lib/thumb/v7e-m+fp/hard/libcr_c.a(fflush.o)
                              /usr/local/mcuxpressoide-11.3.1_5262/ide/plugins/com.nxp.mcuxpresso.tools.linux_11.3.0.202011031536/tools/bin/../lib/gcc/arm-none-eabi/9.3.1/../../../../arm-none-eabi/lib/thumb/v7e-m+fp/hard/libcr_c.a(fclose.o) (fflush)
/usr/local/mcuxpressoide-11.3.1_5262/ide/plugins/com.nxp.mcuxpresso.tools.linux_11.3.0.202011031536/tools/bin/../lib/gcc/arm-none-eabi/9.3.1/../../../../arm-none-eabi/lib/thumb/v7e-m+fp/hard/libcr_c.a(floor.o)
                              ./source/navball.o (floor)
/usr/local/mcuxpressoide-11.3.1_5262/ide/plugins/com.nxp.mcuxpresso.tools.linux_11.3.0.202011031536/tools/bin/../lib/gcc/arm-none-eabi/9.3.1/../../../../arm-none-eabi/lib/thumb/v7e-m+fp/hard/libcr_c.a(fopen.o)
                              ./source/navball.o (fopen)
/usr/local/mcuxpressoide-11.3.1_5262/ide/plugins/com.nxp.mcuxpresso.tools.linux_11.3.0.202011031536/tools/bin/../lib/gcc/arm-none-eabi/9.3.1/../../../../arm-none-eabi/lib/thumb/v7e-m+fp/hard/libcr_c.a(freopen.o)
[...]
Memory Configuration

Name             Origin             Length             Attributes
PROGRAM_FLASH    0x0000000000000000 0x0000000000080000 xr
BOARD_FLASH      0x0000000010000000 0x0000000001000000 xr
SRAM_UPPER       0x0000000020000000 0x0000000000028000 xrw
SRAMX            0x0000000004000000 0x0000000000008000 xrw
USB_RAM          0x0000000040100000 0x0000000000002000 xrw
BOARD_SDRAM      0x00000000a0000000 0x0000000001000000 xrw
*default*        0x0000000000000000 0xffffffffffffffff

Linker script and memory map

LOAD ./utilities/fsl_assert.o
LOAD ./utilities/fsl_debug_console.o
LOAD ./utilities/fsl_str.o
LOAD ./startup/startup_lpc54608.o
LOAD ./source/lcdc_tft.o
LOAD ./source/navball.o
LOAD ./source/semihost_hardfault.o
LOAD ./source/textureMap.o
LOAD ./drivers/fsl_clock.o
LOAD ./drivers/fsl_common.o
LOAD ./drivers/fsl_emc.o
LOAD ./drivers/fsl_flexcomm.o
LOAD ./drivers/fsl_gpio.o
LOAD ./drivers/fsl_inputmux.o
LOAD ./drivers/fsl_lcdc.o
LOAD ./drivers/fsl_power.o
LOAD ./drivers/fsl_reset.o
LOAD ./drivers/fsl_sctimer.o
LOAD ./drivers/fsl_usart.o
LOAD ./device/system_LPC54608.o
LOAD ./component/uart/usart_adapter.o
LOAD ./component/serial_manager/serial_manager.o
LOAD ./component/serial_manager/serial_port_uart.o
LOAD ./component/lists/generic_list.o
LOAD ./board/board.o
LOAD ./board/clock_config.o
LOAD ./board/pin_mux.o
LOAD /home/tanguy/Documents/Eeloo_Pad/random_test/lpcxpresso54608_lcdc_tft/libs/libpower_hardabi.a
START GROUP
LOAD /usr/local/mcuxpressoide-11.3.1_5262/ide/plugins/com.nxp.mcuxpresso.tools.linux_11.3.0.202011031536/tools/bin/../lib/gcc/arm-none-eabi/9.3.1/../../../../arm-none-eabi/lib/thumb/v7e-m+fp/hard/libcr_semihost_nf.a
LOAD /usr/local/mcuxpressoide-11.3.1_5262/ide/plugins/com.nxp.mcuxpresso.tools.linux_11.3.0.202011031536/tools/bin/../lib/gcc/arm-none-eabi/9.3.1/../../../../arm-none-eabi/lib/thumb/v7e-m+fp/hard/libcr_c.a
LOAD /usr/local/mcuxpressoide-11.3.1_5262/ide/plugins/com.nxp.mcuxpresso.tools.linux_11.3.0.202011031536/tools/bin/../lib/gcc/arm-none-eabi/9.3.1/thumb/v7e-m+fp/hard/libcr_eabihelpers.a
LOAD /usr/local/mcuxpressoide-11.3.1_5262/ide/plugins/com.nxp.mcuxpresso.tools.linux_11.3.0.202011031536/tools/bin/../lib/gcc/arm-none-eabi/9.3.1/thumb/v7e-m+fp/hard/libgcc.a
END GROUP
                0x0000000000000000                __base_PROGRAM_FLASH = 0x0
                0x0000000000000000                __base_Flash = 0x0
                0x0000000000080000                __top_PROGRAM_FLASH = 0x80000
                0x0000000000080000                __top_Flash = 0x80000
                0x0000000010000000                __base_BOARD_FLASH = 0x10000000
                0x0000000010000000                __base_Flash2 = 0x10000000
                0x0000000011000000                __top_BOARD_FLASH = 0x11000000
                0x0000000011000000                __top_Flash2 = 0x11000000
                0x0000000020000000                __base_SRAM_UPPER = 0x20000000
                0x0000000020000000                __base_RAM = 0x20000000
                0x0000000020028000                __top_SRAM_UPPER = 0x20028000
                0x0000000020028000                __top_RAM = 0x20028000
                0x0000000004000000                __base_SRAMX = 0x4000000
                0x0000000004000000                __base_RAM2 = 0x4000000
                0x0000000004008000                __top_SRAMX = 0x4008000
                0x0000000004008000                __top_RAM2 = 0x4008000
                0x0000000040100000                __base_USB_RAM = 0x40100000
                0x0000000040100000                __base_RAM3 = 0x40100000
                0x0000000040102000                __top_USB_RAM = 0x40102000
                0x0000000040102000                __top_RAM3 = 0x40102000
                0x00000000a0000000                __base_BOARD_SDRAM = 0xa0000000
                0x00000000a0000000                __base_RAM4 = 0xa0000000
                0x00000000a1000000                __top_BOARD_SDRAM = 0xa1000000
                0x00000000a1000000                __top_RAM4 = 0xa1000000

.text_Flash2    0x0000000010000000        0x0
 FILL mask 0xff
 *(SORT_BY_ALIGNMENT(.text_Flash2))
 *(SORT_BY_ALIGNMENT(.text_BOARD_FLASH))
 *(SORT_BY_ALIGNMENT(.text.$Flash2))
 *(SORT_BY_ALIGNMENT(.text.$BOARD_FLASH))
 *(SORT_BY_ALIGNMENT(.text_Flash2.*))
 *(SORT_BY_ALIGNMENT(.text_BOARD_FLASH.*))
 *(SORT_BY_ALIGNMENT(.text.$Flash2.*))
 *(SORT_BY_ALIGNMENT(.text.$BOARD_FLASH.*))
 *(SORT_BY_ALIGNMENT(.rodata.$Flash2))
 *(SORT_BY_ALIGNMENT(.rodata.$BOARD_FLASH))
 *(SORT_BY_ALIGNMENT(.rodata.$Flash2.*))
 *(SORT_BY_ALIGNMENT(.rodata.$BOARD_FLASH.*))

.text           0x0000000000000000    0x40fac
 FILL mask 0xff
                0x0000000000000000                __vectors_start__ = ABSOLUTE (.)
 *(SORT_BY_ALIGNMENT(.isr_vector))
 .isr_vector    0x0000000000000000      0x124 ./startup/startup_lpc54608.o
                0x0000000000000000                __Vectors
                0x0000000000000000                g_pfnVectors
                0x0000000000000124                . = ALIGN (0x4)
                0x0000000000000124                __section_table_start = .
                0x0000000000000124                __data_section_table = .
                0x0000000000000124        0x4 LONG 0x40fac LOADADDR (.data)
                0x0000000000000128        0x4 LONG 0x20000000 ADDR (.data)
                0x000000000000012c        0x4 LONG 0x4 SIZEOF (.data)
                0x0000000000000130        0x4 LONG 0x40fac LOADADDR (.data_RAM2)
                0x0000000000000134        0x4 LONG 0x4000000 ADDR (.data_RAM2)
                0x0000000000000138        0x4 LONG 0x0 SIZEOF (.data_RAM2)
                0x000000000000013c        0x4 LONG 0x40fac LOADADDR (.data_RAM3)
                0x0000000000000140        0x4 LONG 0x40100000 ADDR (.data_RAM3)
                0x0000000000000144        0x4 LONG 0x0 SIZEOF (.data_RAM3)
                0x0000000000000148        0x4 LONG 0x40fac LOADADDR (.data_RAM4)
                0x000000000000014c        0x4 LONG 0xa0000000 ADDR (.data_RAM4)
                0x0000000000000150        0x4 LONG 0x0 SIZEOF (.data_RAM4)
                0x0000000000000154                __data_section_table_end = .
                0x0000000000000154                __bss_section_table = .
                0x0000000000000154        0x4 LONG 0x20000008 ADDR (.bss)
                0x0000000000000158        0x4 LONG 0x19c SIZEOF (.bss)
                0x000000000000015c        0x4 LONG 0x4000000 ADDR (.bss_RAM2)
                0x0000000000000160        0x4 LONG 0x0 SIZEOF (.bss_RAM2)
                0x0000000000000164        0x4 LONG 0x40100000 ADDR (.bss_RAM3)
                0x0000000000000168        0x4 LONG 0x0 SIZEOF (.bss_RAM3)
                0x000000000000016c        0x4 LONG 0xa0000000 ADDR (.bss_RAM4)
                0x0000000000000170        0x4 LONG 0x0 SIZEOF (.bss_RAM4)
                0x0000000000000174                __bss_section_table_end = .
                0x0000000000000174                __section_table_end = .
 *(SORT_BY_ALIGNMENT(.after_vectors*))
 .after_vectors.reset
                0x0000000000000174       0x58 ./startup/startup_lpc54608.o
                0x0000000000000174                ResetISR
 .after_vectors.init_data
                0x00000000000001cc       0x1e ./startup/startup_lpc54608.o
                0x00000000000001cc                data_init
 .after_vectors.init_bss
                0x00000000000001ea       0x12 ./startup/startup_lpc54608.o
                0x00000000000001ea                bss_init
 .after_vectors
                0x00000000000001fc       0x14 ./startup/startup_lpc54608.o
                0x00000000000001fc                NMI_Handler
                0x0000000000000200                MemManage_Handler
                0x0000000000000202                BusFault_Handler
                0x0000000000000204                UsageFault_Handler
                0x0000000000000206                SVC_Handler
                0x0000000000000208                DebugMon_Handler
                0x000000000000020a                PendSV_Handler
                0x000000000000020c                SysTick_Handler
                0x000000000000020e                DMA0_DriverIRQHandler
                0x000000000000020e                EEPROM_DriverIRQHandler
                0x000000000000020e                RIT_DriverIRQHandler
                0x000000000000020e                CAN0_IRQ0_DriverIRQHandler
                0x000000000000020e                PIN_INT3_DriverIRQHandler
                0x000000000000020e                PIN_INT2_DriverIRQHandler
                0x000000000000020e                ETHERNET_DriverIRQHandler
                0x000000000000020e                PIN_INT0_DriverIRQHandler
                0x000000000000020e                CTIMER2_DriverIRQHandler
                0x000000000000020e                SPIFI0_DriverIRQHandler
                0x000000000000020e                IntDefaultHandler
                0x000000000000020e                USB0_DriverIRQHandler
                0x000000000000020e                MRT0_DriverIRQHandler
                0x000000000000020e                UTICK0_DriverIRQHandler
                0x000000000000020e                DMIC0_DriverIRQHandler
                0x000000000000020e                PIN_INT4_DriverIRQHandler
                0x000000000000020e                PIN_INT5_DriverIRQHandler
                0x000000000000020e                CAN1_IRQ0_DriverIRQHandler
                0x000000000000020e                Reserved47_DriverIRQHandler
                0x000000000000020e                ADC0_THCMP_DriverIRQHandler
                0x000000000000020e                CTIMER4_DriverIRQHandler
                0x000000000000020e                GINT1_DriverIRQHandler
                0x000000000000020e                PIN_INT7_DriverIRQHandler
                0x000000000000020e                CAN0_IRQ1_DriverIRQHandler
                0x000000000000020e                USB0_NEEDCLK_DriverIRQHandler
                0x000000000000020e                ADC0_SEQB_DriverIRQHandler
                0x000000000000020e                CTIMER0_DriverIRQHandler
                0x000000000000020e                CTIMER1_DriverIRQHandler
                0x000000000000020e                PIN_INT6_DriverIRQHandler
                0x000000000000020e                ETHERNET_MACLP_DriverIRQHandler
                0x000000000000020e                PIN_INT1_DriverIRQHandler
                0x000000000000020e                CTIMER3_DriverIRQHandler
                0x000000000000020e                HWVAD0_DriverIRQHandler
                0x000000000000020e                RTC_DriverIRQHandler
                0x000000000000020e                LCD_DriverIRQHandler
                0x000000000000020e                ETHERNET_PMT_DriverIRQHandler
                0x000000000000020e                USB1_DriverIRQHandler
                0x000000000000020e                CAN1_IRQ1_DriverIRQHandler
                0x000000000000020e                ADC0_SEQA_DriverIRQHandler
                0x000000000000020e                USB1_NEEDCLK_DriverIRQHandler
                0x000000000000020e                SMARTCARD0_DriverIRQHandler
                0x000000000000020e                SDIO_DriverIRQHandler
                0x000000000000020e                SHA_DriverIRQHandler
                0x000000000000020e                GINT0_DriverIRQHandler
                0x000000000000020e                SMARTCARD1_DriverIRQHandler
                0x000000000000020e                Reserved46_DriverIRQHandler
                0x000000000000020e                WDT_BOD_DriverIRQHandler
 *(SORT_BY_ALIGNMENT(.text*))
 .text.main     0x0000000000000210      0x320 ./source/lcdc_tft.o
                0x0000000000000210                main
 .text.generateNavBall
                0x0000000000000530      0x768 ./source/navball.o
                0x0000000000000530                generateNavBall
 .text.atan2    0x0000000000000c98      0x120 /usr/local/mcuxpressoide-11.3.1_5262/ide/plugins/com.nxp.mcuxpresso.tools.linux_11.3.0.202011031536/tools/bin/../lib/gcc/arm-none-eabi/9.3.1/../../../../arm-none-eabi/lib/thumb/v7e-m+fp/hard/libcr_c.a(atan2.o)
                0x0000000000000c98                atan2
 .text.cos      0x0000000000000db8       0x68 /usr/local/mcuxpressoide-11.3.1_5262/ide/plugins/com.nxp.mcuxpresso.tools.linux_11.3.0.202011031536/tools/bin/../lib/gcc/arm-none-eabi/9.3.1/../../../../arm-none-eabi/lib/thumb/v7e-m+fp/hard/libcr_c.a(cos.o)
                0x0000000000000db8                cos
 .text.sqrt     0x0000000000000e20      0x114 /usr/local/mcuxpressoide-11.3.1_5262/ide/plugins/com.nxp.mcuxpresso.tools.linux_11.3.0.202011031536/tools/bin/../lib/gcc/arm-none-eabi/9.3.1/../../../../arm-none-eabi/lib/thumb/v7e-m+fp/hard/libcr_c.a(sqrt.o)
                0x0000000000000e20                sqrt
 *fill*         0x0000000000000f34        0x4 ff
 .text._asinacos
                0x0000000000000f38      0x290 /usr/local/mcuxpressoide-11.3.1_5262/ide/plugins/com.nxp.mcuxpresso.tools.linux_11.3.0.202011031536/tools/bin/../lib/gcc/arm-none-eabi/9.3.1/../../../../arm-none-eabi/lib/thumb/v7e-m+fp/hard/libcr_c.a(_asinacos.o)
                0x0000000000000f38                _asinacos
 .text._sincos  0x00000000000011c8      0x20c /usr/local/mcuxpressoide-11.3.1_5262/ide/plugins/com.nxp.mcuxpresso.tools.linux_11.3.0.202011031536/tools/bin/../lib/gcc/arm-none-eabi/9.3.1/../../../../arm-none-eabi/lib/thumb/v7e-m+fp/hard/libcr_c.a(_sincos.o)
                0x00000000000011c8                _sincos
 *fill*         0x00000000000013d4        0x4 ff
 .text.atan     0x00000000000013d8      0x21c /usr/local/mcuxpressoide-11.3.1_5262/ide/plugins/com.nxp.mcuxpresso.tools.linux_11.3.0.202011031536/tools/bin/../lib/gcc/arm-none-eabi/9.3.1/../../../../arm-none-eabi/lib/thumb/v7e-m+fp/hard/libcr_c.a(atan.o)
                0x00000000000013d8                atan
 .text.__assertion_failed
                0x00000000000015f4       0x18 ./utilities/fsl_assert.o
                0x00000000000015f4                __assertion_failed
 .text.__NVIC_EnableIRQ
                0x000000000000160c       0x3c ./source/lcdc_tft.o
 .text.BOARD_InitPWM
                0x0000000000001648       0x64 ./source/lcdc_tft.o
 .text.LCD_IRQHandler
                0x00000000000016ac       0x44 ./source/lcdc_tft.o
                0x00000000000016ac                LCD_IRQHandler
 .text.CLOCK_AttachClk
                0x00000000000016f0       0x94 ./drivers/fsl_clock.o
                0x00000000000016f0                CLOCK_AttachClk
 .text.CLOCK_SetClkDiv
                0x0000000000001784       0x5c ./drivers/fsl_clock.o
                0x0000000000001784                CLOCK_SetClkDiv
 .text.CLOCK_SetupFROClocking
                0x00000000000017e0       0xc4 ./drivers/fsl_clock.o
                0x00000000000017e0                CLOCK_SetupFROClocking
 .text.CLOCK_GetSctClkFreq
                0x00000000000018a4       0x84 ./drivers/fsl_clock.o
                0x00000000000018a4                CLOCK_GetSctClkFreq
 .text.CLOCK_GetLcdClkFreq
                0x0000000000001928       0x6c ./drivers/fsl_clock.o
                0x0000000000001928                CLOCK_GetLcdClkFreq
 .text.CLOCK_GetFro12MFreq
                0x0000000000001994       0x28 ./drivers/fsl_clock.o
                0x0000000000001994                CLOCK_GetFro12MFreq
 .text.CLOCK_GetExtClkFreq
                0x00000000000019bc       0x14 ./drivers/fsl_clock.o
                0x00000000000019bc                CLOCK_GetExtClkFreq
 .text.CLOCK_GetWdtOscFreq
                0x00000000000019d0       0x68 ./drivers/fsl_clock.o
                0x00000000000019d0                CLOCK_GetWdtOscFreq
 .text.CLOCK_GetFroHfFreq
                0x0000000000001a38       0x5c ./drivers/fsl_clock.o
                0x0000000000001a38                CLOCK_GetFroHfFreq
 .text.CLOCK_GetPllOutFreq
                0x0000000000001a94       0x18 ./drivers/fsl_clock.o
                0x0000000000001a94                CLOCK_GetPllOutFreq
 .text.CLOCK_GetAudioPllOutFreq
                0x0000000000001aac       0x18 ./drivers/fsl_clock.o
                0x0000000000001aac                CLOCK_GetAudioPllOutFreq
 .text.CLOCK_SetFLASHAccessCyclesForFreq
                0x0000000000001ac4       0xb8 ./drivers/fsl_clock.o
                0x0000000000001ac4                CLOCK_SetFLASHAccessCyclesForFreq
 .text.CLOCK_SetPLLFreq
                0x0000000000001b7c      0x128 ./drivers/fsl_clock.o
                0x0000000000001b7c                CLOCK_SetPLLFreq
 .text.SDK_DelayAtLeastUs
                0x0000000000001ca4       0x90 ./drivers/fsl_common.o
                0x0000000000001ca4                SDK_DelayAtLeastUs
 .text.CLOCK_EnableClock
                0x0000000000001d34       0x54 ./drivers/fsl_emc.o
 .text.EMC_GetInstance
                0x0000000000001d88       0x44 ./drivers/fsl_emc.o
 .text.EMC_CalculateTimerCycles
                0x0000000000001dcc       0x5c ./drivers/fsl_emc.o
 .text.EMC_Init
                0x0000000000001e28       0x8c ./drivers/fsl_emc.o
                0x0000000000001e28                EMC_Init
 .text.EMC_DynamicMemInit
                0x0000000000001eb4      0x34c ./drivers/fsl_emc.o
                0x0000000000001eb4                EMC_DynamicMemInit
 .text.FLEXCOMM0_DriverIRQHandler
                0x0000000000002200       0x3c ./drivers/fsl_flexcomm.o
                0x0000000000002200                FLEXCOMM0_DriverIRQHandler
 .text.FLEXCOMM1_DriverIRQHandler
                0x000000000000223c       0x3c ./drivers/fsl_flexcomm.o
                0x000000000000223c                FLEXCOMM1_DriverIRQHandler
 .text.FLEXCOMM2_DriverIRQHandler
                0x0000000000002278       0x3c ./drivers/fsl_flexcomm.o
                0x0000000000002278                FLEXCOMM2_DriverIRQHandler
 .text.FLEXCOMM3_DriverIRQHandler
                0x00000000000022b4       0x3c ./drivers/fsl_flexcomm.o
                0x00000000000022b4                FLEXCOMM3_DriverIRQHandler
 .text.FLEXCOMM4_DriverIRQHandler
                0x00000000000022f0       0x3c ./drivers/fsl_flexcomm.o
                0x00000000000022f0                FLEXCOMM4_DriverIRQHandler
 .text.FLEXCOMM5_DriverIRQHandler
                0x000000000000232c       0x3c ./drivers/fsl_flexcomm.o
                0x000000000000232c                FLEXCOMM5_DriverIRQHandler
 .text.FLEXCOMM6_DriverIRQHandler
                0x0000000000002368       0x3c ./drivers/fsl_flexcomm.o
                0x0000000000002368                FLEXCOMM6_DriverIRQHandler
 .text.FLEXCOMM7_DriverIRQHandler
                0x00000000000023a4       0x3c ./drivers/fsl_flexcomm.o
                0x00000000000023a4                FLEXCOMM7_DriverIRQHandler
 .text.FLEXCOMM8_DriverIRQHandler
                0x00000000000023e0       0x3c ./drivers/fsl_flexcomm.o
                0x00000000000023e0                FLEXCOMM8_DriverIRQHandler
 .text.FLEXCOMM9_DriverIRQHandler
                0x000000000000241c       0x3c ./drivers/fsl_flexcomm.o
                0x000000000000241c                FLEXCOMM9_DriverIRQHandler
 .text.CLOCK_EnableClock
                0x0000000000002458       0x54 ./drivers/fsl_lcdc.o
 .text.LCDC_GetInstance
                0x00000000000024ac       0x44 ./drivers/fsl_lcdc.o
 .text.LCDC_GetClockDivider
                0x00000000000024f0      0x154 ./drivers/fsl_lcdc.o
 .text.LCDC_Init
                0x0000000000002644      0x1c8 ./drivers/fsl_lcdc.o
                0x0000000000002644                LCDC_Init
 .text.LCDC_SetPalette
                0x000000000000280c       0x50 ./drivers/fsl_lcdc.o
                0x000000000000280c                LCDC_SetPalette
 .text.RESET_SetPeripheralReset
                0x000000000000285c       0x7c ./drivers/fsl_reset.o
                0x000000000000285c                RESET_SetPeripheralReset
 .text.RESET_ClearPeripheralReset
                0x00000000000028d8       0x80 ./drivers/fsl_reset.o
                0x00000000000028d8                RESET_ClearPeripheralReset
 .text.CLOCK_EnableClock
                0x0000000000002958       0x54 ./drivers/fsl_sctimer.o
 .text.SCTIMER_SetupOutputSetAction
                0x00000000000029ac       0x44 ./drivers/fsl_sctimer.o
 .text.SCTIMER_SetupOutputClearAction
                0x00000000000029f0       0x48 ./drivers/fsl_sctimer.o
 .text.SCTIMER_GetInstance
                0x0000000000002a38       0x4c ./drivers/fsl_sctimer.o
 .text.SCTIMER_Init
                0x0000000000002a84      0x118 ./drivers/fsl_sctimer.o
                0x0000000000002a84                SCTIMER_Init
 .text.SCTIMER_GetDefaultConfig
                0x0000000000002b9c       0x60 ./drivers/fsl_sctimer.o
                0x0000000000002b9c                SCTIMER_GetDefaultConfig
 .text.SCTIMER_SetupPwm
                0x0000000000002bfc      0x250 ./drivers/fsl_sctimer.o
                0x0000000000002bfc                SCTIMER_SetupPwm
 .text.SCTIMER_CreateAndScheduleEvent
                0x0000000000002e4c      0x1e4 ./drivers/fsl_sctimer.o
                0x0000000000002e4c                SCTIMER_CreateAndScheduleEvent
 .text.SCTIMER_EventHandleIRQ
                0x0000000000003030       0x7c ./drivers/fsl_sctimer.o
                0x0000000000003030                SCTIMER_EventHandleIRQ
 .text.SCT0_DriverIRQHandler
                0x00000000000030ac       0x20 ./drivers/fsl_sctimer.o
                0x00000000000030ac                SCT0_DriverIRQHandler
 .text.SystemInit
                0x00000000000030cc       0x40 ./device/system_LPC54608.o
                0x00000000000030cc                SystemInit
 .text.BOARD_InitSDRAM
                0x000000000000310c       0xb4 ./board/board.o
                0x000000000000310c                BOARD_InitSDRAM
 .text.BOARD_BootClockPLL180M
                0x00000000000031c0       0xe4 ./board/clock_config.o
                0x00000000000031c0                BOARD_BootClockPLL180M
 .text.CLOCK_EnableClock
                0x00000000000032a4       0x54 ./board/pin_mux.o
 .text.BOARD_InitPins
                0x00000000000032f8      0x4f4 ./board/pin_mux.o
                0x00000000000032f8                BOARD_InitPins
 .text.POWER_SetVoltageForFreq
                0x00000000000037ec       0x44 /home/tanguy/Documents/Eeloo_Pad/random_test/lpcxpresso54608_lcdc_tft/libs/libpower_hardabi.a(fsl_power_lib.o)
                0x00000000000037ec                POWER_SetVoltageForFreq
 .text.POWER_SetPLL
                0x0000000000003830       0x1c /home/tanguy/Documents/Eeloo_Pad/random_test/lpcxpresso54608_lcdc_tft/libs/libpower_hardabi.a(fsl_power_lib.o)
                0x0000000000003830                POWER_SetPLL
 .text.malloc   0x000000000000384c       0xc8 /usr/local/mcuxpressoide-11.3.1_5262/ide/plugins/com.nxp.mcuxpresso.tools.linux_11.3.0.202011031536/tools/bin/../lib/gcc/arm-none-eabi/9.3.1/../../../../arm-none-eabi/lib/thumb/v7e-m+fp/hard/libcr_c.a(alloc.o)
                0x000000000000384c                malloc
 .text._Csys_alloc
                0x0000000000003914       0x20 /usr/local/mcuxpressoide-11.3.1_5262/ide/plugins/com.nxp.mcuxpresso.tools.linux_11.3.0.202011031536/tools/bin/../lib/gcc/arm-none-eabi/9.3.1/../../../../arm-none-eabi/lib/thumb/v7e-m+fp/hard/libcr_c.a(alloc.o)
                0x0000000000003914                _Csys_alloc
 .text.fflush   0x0000000000003934       0x44 /usr/local/mcuxpressoide-11.3.1_5262/ide/plugins/com.nxp.mcuxpresso.tools.linux_11.3.0.202011031536/tools/bin/../lib/gcc/arm-none-eabi/9.3.1/../../../../arm-none-eabi/lib/thumb/v7e-m+fp/hard/libcr_c.a(fflush.o)
                0x0000000000003934                fflush
 .text.fseek    0x0000000000003978      0x100 /usr/local/mcuxpressoide-11.3.1_5262/ide/plugins/com.nxp.mcuxpresso.tools.linux_11.3.0.202011031536/tools/bin/../lib/gcc/arm-none-eabi/9.3.1/../../../../arm-none-eabi/lib/thumb/v7e-m+fp/hard/libcr_c.a(fseek.o)
                0x0000000000003978                fseek
 .text.ftell    0x0000000000003a78       0x44 /usr/local/mcuxpressoide-11.3.1_5262/ide/plugins/com.nxp.mcuxpresso.tools.linux_11.3.0.202011031536/tools/bin/../lib/gcc/arm-none-eabi/9.3.1/../../../../arm-none-eabi/lib/thumb/v7e-m+fp/hard/libcr_c.a(ftell.o)
                0x0000000000003a78                ftell
 .text._initio  0x0000000000003abc       0x78 /usr/local/mcuxpressoide-11.3.1_5262/ide/plugins/com.nxp.mcuxpresso.tools.linux_11.3.0.202011031536/tools/bin/../lib/gcc/arm-none-eabi/9.3.1/../../../../arm-none-eabi/lib/thumb/v7e-m+fp/hard/libcr_c.a(initio.o)
                0x0000000000003abc                _initio
 .text.__vfprintf
                0x0000000000003b34      0xce8 /usr/local/mcuxpressoide-11.3.1_5262/ide/plugins/com.nxp.mcuxpresso.tools.linux_11.3.0.202011031536/tools/bin/../lib/gcc/arm-none-eabi/9.3.1/../../../../arm-none-eabi/lib/thumb/v7e-m+fp/hard/libcr_c.a(printf.o)
                0x0000000000003b34                __vfprintf
 .text._vsnprintf
                0x000000000000481c       0x68 /usr/local/mcuxpressoide-11.3.1_5262/ide/plugins/com.nxp.mcuxpresso.tools.linux_11.3.0.202011031536/tools/bin/../lib/gcc/arm-none-eabi/9.3.1/../../../../arm-none-eabi/lib/thumb/v7e-m+fp/hard/libcr_c.a(printf.o)
                0x000000000000481c                _vsnprintf
 .text._printf  0x0000000000004884       0x54 /usr/local/mcuxpressoide-11.3.1_5262/ide/plugins/com.nxp.mcuxpresso.tools.linux_11.3.0.202011031536/tools/bin/../lib/gcc/arm-none-eabi/9.3.1/../../../../arm-none-eabi/lib/thumb/v7e-m+fp/hard/libcr_c.a(printf.o)
                0x0000000000004884                _printf
 .text._sbrk    0x00000000000048d8       0x3c /usr/local/mcuxpressoide-11.3.1_5262/ide/plugins/com.nxp.mcuxpresso.tools.linux_11.3.0.202011031536/tools/bin/../lib/gcc/arm-none-eabi/9.3.1/../../../../arm-none-eabi/lib/thumb/v7e-m+fp/hard/libcr_c.a(_cr_sbrk.o)
                0x00000000000048d8                _sbrk
 .text._Cwritebuf
                0x0000000000004914       0x6c /usr/local/mcuxpressoide-11.3.1_5262/ide/plugins/com.nxp.mcuxpresso.tools.linux_11.3.0.202011031536/tools/bin/../lib/gcc/arm-none-eabi/9.3.1/../../../../arm-none-eabi/lib/thumb/v7e-m+fp/hard/libcr_c.a(_writebuf.o)
                0x0000000000004914                _Cwritebuf
 .text.__check_heap_overflow
                0x0000000000004980       0x18 /usr/local/mcuxpressoide-11.3.1_5262/ide/plugins/com.nxp.mcuxpresso.tools.linux_11.3.0.202011031536/tools/bin/../lib/gcc/arm-none-eabi/9.3.1/../../../../arm-none-eabi/lib/thumb/v7e-m+fp/hard/libcr_c.a(_cr_check_heap.o)
                0x0000000000004980                __check_heap_overflow
 .text.__aeabi_dmul
                0x0000000000004998      0x114 /usr/local/mcuxpressoide-11.3.1_5262/ide/plugins/com.nxp.mcuxpresso.tools.linux_11.3.0.202011031536/tools/bin/../lib/gcc/arm-none-eabi/9.3.1/thumb/v7e-m+fp/hard/libcr_eabihelpers.a(double.o)
                0x0000000000004998                __aeabi_dmul
 .text.__aeabi_ddiv
                0x0000000000004aac      0x144 /usr/local/mcuxpressoide-11.3.1_5262/ide/plugins/com.nxp.mcuxpresso.tools.linux_11.3.0.202011031536/tools/bin/../lib/gcc/arm-none-eabi/9.3.1/thumb/v7e-m+fp/hard/libcr_eabihelpers.a(double.o)
                0x0000000000004aac                __aeabi_ddiv
 .text.__aeabi_dsub
                0x0000000000004bf0      0x1b0 /usr/local/mcuxpressoide-11.3.1_5262/ide/plugins/com.nxp.mcuxpresso.tools.linux_11.3.0.202011031536/tools/bin/../lib/gcc/arm-none-eabi/9.3.1/thumb/v7e-m+fp/hard/libcr_eabihelpers.a(double.o)
                0x0000000000004bf0                __aeabi_dsub
 .text.__aeabi_dadd
                0x0000000000004da0      0x114 /usr/local/mcuxpressoide-11.3.1_5262/ide/plugins/com.nxp.mcuxpresso.tools.linux_11.3.0.202011031536/tools/bin/../lib/gcc/arm-none-eabi/9.3.1/thumb/v7e-m+fp/hard/libcr_eabihelpers.a(double.o)
                0x0000000000004da0                __aeabi_dadd
 .text.__aeabi_d2f
                0x0000000000004eb4       0x58 /usr/local/mcuxpressoide-11.3.1_5262/ide/plugins/com.nxp.mcuxpresso.tools.linux_11.3.0.202011031536/tools/bin/../lib/gcc/arm-none-eabi/9.3.1/thumb/v7e-m+fp/hard/libcr_eabihelpers.a(double.o)
                0x0000000000004eb4                __aeabi_d2f
 .text.__aeabi_f2d
                0x0000000000004f0c       0x38 /usr/local/mcuxpressoide-11.3.1_5262/ide/plugins/com.nxp.mcuxpresso.tools.linux_11.3.0.202011031536/tools/bin/../lib/gcc/arm-none-eabi/9.3.1/thumb/v7e-m+fp/hard/libcr_eabihelpers.a(float.o)
                0x0000000000004f0c                __aeabi_f2d
 .text.__sys_appexit
                0x0000000000004f44        0xc /usr/local/mcuxpressoide-11.3.1_5262/ide/plugins/com.nxp.mcuxpresso.tools.linux_11.3.0.202011031536/tools/bin/../lib/gcc/arm-none-eabi/9.3.1/../../../../arm-none-eabi/lib/thumb/v7e-m+fp/hard/libcr_semihost_nf.a(__sys_appexit.o)
                0x0000000000004f44                __exit
                0x0000000000004f44                __sys_appexit
 .text.WDT_BOD_IRQHandler
                0x0000000000004f50        0x8 ./startup/startup_lpc54608.o
                0x0000000000004f50                WDT_BOD_IRQHandler
 .text.DMA0_IRQHandler
                0x0000000000004f58        0x8 ./startup/startup_lpc54608.o
                0x0000000000004f58                DMA0_IRQHandler
 .text.GINT0_IRQHandler
                0x0000000000004f60        0x8 ./startup/startup_lpc54608.o
                0x0000000000004f60                GINT0_IRQHandler
 .text.GINT1_IRQHandler
                0x0000000000004f68        0x8 ./startup/startup_lpc54608.o
                0x0000000000004f68                GINT1_IRQHandler
 .text.PIN_INT0_IRQHandler
                0x0000000000004f70        0x8 ./startup/startup_lpc54608.o
                0x0000000000004f70                PIN_INT0_IRQHandler
 .text.PIN_INT1_IRQHandler
                0x0000000000004f78        0x8 ./startup/startup_lpc54608.o
                0x0000000000004f78                PIN_INT1_IRQHandler
 .text.PIN_INT2_IRQHandler
                0x0000000000004f80        0x8 ./startup/startup_lpc54608.o
                0x0000000000004f80                PIN_INT2_IRQHandler
 .text.PIN_INT3_IRQHandler
                0x0000000000004f88        0x8 ./startup/startup_lpc54608.o
                0x0000000000004f88                PIN_INT3_IRQHandler
 .text.UTICK0_IRQHandler
                0x0000000000004f90        0x8 ./startup/startup_lpc54608.o
                0x0000000000004f90                UTICK0_IRQHandler
 .text.MRT0_IRQHandler
                0x0000000000004f98        0x8 ./startup/startup_lpc54608.o
                0x0000000000004f98                MRT0_IRQHandler
 .text.CTIMER0_IRQHandler
                0x0000000000004fa0        0x8 ./startup/startup_lpc54608.o
                0x0000000000004fa0                CTIMER0_IRQHandler
 .text.CTIMER1_IRQHandler
                0x0000000000004fa8        0x8 ./startup/startup_lpc54608.o
                0x0000000000004fa8                CTIMER1_IRQHandler
 .text.SCT0_IRQHandler
                0x0000000000004fb0        0x8 ./startup/startup_lpc54608.o
                0x0000000000004fb0                SCT0_IRQHandler
 .text.CTIMER3_IRQHandler
                0x0000000000004fb8        0x8 ./startup/startup_lpc54608.o
                0x0000000000004fb8                CTIMER3_IRQHandler
 .text.FLEXCOMM0_IRQHandler
                0x0000000000004fc0        0x8 ./startup/startup_lpc54608.o
                0x0000000000004fc0                FLEXCOMM0_IRQHandler
 .text.FLEXCOMM1_IRQHandler
                0x0000000000004fc8        0x8 ./startup/startup_lpc54608.o
                0x0000000000004fc8                FLEXCOMM1_IRQHandler
 .text.FLEXCOMM2_IRQHandler
                0x0000000000004fd0        0x8 ./startup/startup_lpc54608.o
                0x0000000000004fd0                FLEXCOMM2_IRQHandler
 .text.FLEXCOMM3_IRQHandler
                0x0000000000004fd8        0x8 ./startup/startup_lpc54608.o
                0x0000000000004fd8                FLEXCOMM3_IRQHandler
 .text.FLEXCOMM4_IRQHandler
                0x0000000000004fe0        0x8 ./startup/startup_lpc54608.o
                0x0000000000004fe0                FLEXCOMM4_IRQHandler
 .text.FLEXCOMM5_IRQHandler
                0x0000000000004fe8        0x8 ./startup/startup_lpc54608.o
                0x0000000000004fe8                FLEXCOMM5_IRQHandler
 .text.FLEXCOMM6_IRQHandler
                0x0000000000004ff0        0x8 ./startup/startup_lpc54608.o
                0x0000000000004ff0                FLEXCOMM6_IRQHandler
 .text.FLEXCOMM7_IRQHandler
                0x0000000000004ff8        0x8 ./startup/startup_lpc54608.o
                0x0000000000004ff8                FLEXCOMM7_IRQHandler
 .text.ADC0_SEQA_IRQHandler
                0x0000000000005000        0x8 ./startup/startup_lpc54608.o
                0x0000000000005000                ADC0_SEQA_IRQHandler
 .text.ADC0_SEQB_IRQHandler
                0x0000000000005008        0x8 ./startup/startup_lpc54608.o
                0x0000000000005008                ADC0_SEQB_IRQHandler
 .text.ADC0_THCMP_IRQHandler
                0x0000000000005010        0x8 ./startup/startup_lpc54608.o
                0x0000000000005010                ADC0_THCMP_IRQHandler
 .text.DMIC0_IRQHandler
                0x0000000000005018        0x8 ./startup/startup_lpc54608.o
                0x0000000000005018                DMIC0_IRQHandler
 .text.HWVAD0_IRQHandler
                0x0000000000005020        0x8 ./startup/startup_lpc54608.o
                0x0000000000005020                HWVAD0_IRQHandler
 .text.USB0_NEEDCLK_IRQHandler
                0x0000000000005028        0x8 ./startup/startup_lpc54608.o
                0x0000000000005028                USB0_NEEDCLK_IRQHandler
 .text.USB0_IRQHandler
                0x0000000000005030        0x8 ./startup/startup_lpc54608.o
                0x0000000000005030                USB0_IRQHandler
 .text.RTC_IRQHandler
                0x0000000000005038        0x8 ./startup/startup_lpc54608.o
                0x0000000000005038                RTC_IRQHandler
 .text.Reserved46_IRQHandler
                0x0000000000005040        0x8 ./startup/startup_lpc54608.o
                0x0000000000005040                Reserved46_IRQHandler
 .text.Reserved47_IRQHandler
                0x0000000000005048        0x8 ./startup/startup_lpc54608.o
                0x0000000000005048                Reserved47_IRQHandler
 .text.PIN_INT4_IRQHandler
                0x0000000000005050        0x8 ./startup/startup_lpc54608.o
                0x0000000000005050                PIN_INT4_IRQHandler
 .text.PIN_INT5_IRQHandler
                0x0000000000005058        0x8 ./startup/startup_lpc54608.o
                0x0000000000005058                PIN_INT5_IRQHandler
 .text.PIN_INT6_IRQHandler
                0x0000000000005060        0x8 ./startup/startup_lpc54608.o
                0x0000000000005060                PIN_INT6_IRQHandler
 .text.PIN_INT7_IRQHandler
                0x0000000000005068        0x8 ./startup/startup_lpc54608.o
                0x0000000000005068                PIN_INT7_IRQHandler
 .text.CTIMER2_IRQHandler
                0x0000000000005070        0x8 ./startup/startup_lpc54608.o
                0x0000000000005070                CTIMER2_IRQHandler
 .text.CTIMER4_IRQHandler
                0x0000000000005078        0x8 ./startup/startup_lpc54608.o
                0x0000000000005078                CTIMER4_IRQHandler
 .text.RIT_IRQHandler
                0x0000000000005080        0x8 ./startup/startup_lpc54608.o
                0x0000000000005080                RIT_IRQHandler
 .text.SPIFI0_IRQHandler
                0x0000000000005088        0x8 ./startup/startup_lpc54608.o
                0x0000000000005088                SPIFI0_IRQHandler
 .text.FLEXCOMM8_IRQHandler
                0x0000000000005090        0x8 ./startup/startup_lpc54608.o
                0x0000000000005090                FLEXCOMM8_IRQHandler
 .text.FLEXCOMM9_IRQHandler
                0x0000000000005098        0x8 ./startup/startup_lpc54608.o
                0x0000000000005098                FLEXCOMM9_IRQHandler
 .text.SDIO_IRQHandler
                0x00000000000050a0        0x8 ./startup/startup_lpc54608.o
                0x00000000000050a0                SDIO_IRQHandler
 .text.CAN0_IRQ0_IRQHandler
                0x00000000000050a8        0x8 ./startup/startup_lpc54608.o
                0x00000000000050a8                CAN0_IRQ0_IRQHandler
 .text.CAN0_IRQ1_IRQHandler
                0x00000000000050b0        0x8 ./startup/startup_lpc54608.o
                0x00000000000050b0                CAN0_IRQ1_IRQHandler
 .text.CAN1_IRQ0_IRQHandler
                0x00000000000050b8        0x8 ./startup/startup_lpc54608.o
                0x00000000000050b8                CAN1_IRQ0_IRQHandler
 .text.CAN1_IRQ1_IRQHandler
                0x00000000000050c0        0x8 ./startup/startup_lpc54608.o
                0x00000000000050c0                CAN1_IRQ1_IRQHandler
 .text.USB1_IRQHandler
                0x00000000000050c8        0x8 ./startup/startup_lpc54608.o
                0x00000000000050c8                USB1_IRQHandler
 .text.USB1_NEEDCLK_IRQHandler
                0x00000000000050d0        0x8 ./startup/startup_lpc54608.o
                0x00000000000050d0                USB1_NEEDCLK_IRQHandler
 .text.ETHERNET_IRQHandler
                0x00000000000050d8        0x8 ./startup/startup_lpc54608.o
                0x00000000000050d8                ETHERNET_IRQHandler
 .text.ETHERNET_PMT_IRQHandler
                0x00000000000050e0        0x8 ./startup/startup_lpc54608.o
                0x00000000000050e0                ETHERNET_PMT_IRQHandler
 .text.ETHERNET_MACLP_IRQHandler
                0x00000000000050e8        0x8 ./startup/startup_lpc54608.o
                0x00000000000050e8                ETHERNET_MACLP_IRQHandler
 .text.EEPROM_IRQHandler
                0x00000000000050f0        0x8 ./startup/startup_lpc54608.o
                0x00000000000050f0                EEPROM_IRQHandler
 .text.SHA_IRQHandler
                0x00000000000050f8        0x8 ./startup/startup_lpc54608.o
                0x00000000000050f8                SHA_IRQHandler
 .text.SMARTCARD0_IRQHandler
                0x0000000000005100        0x8 ./startup/startup_lpc54608.o
                0x0000000000005100                SMARTCARD0_IRQHandler
 .text.SMARTCARD1_IRQHandler
                0x0000000000005108        0x8 ./startup/startup_lpc54608.o
                0x0000000000005108                SMARTCARD1_IRQHandler
 .text.LCDC_Start
                0x0000000000005110       0x20 ./source/lcdc_tft.o
 .text.LCDC_PowerUp
                0x0000000000005130       0x20 ./source/lcdc_tft.o
 .text.HardFault_Handler
                0x0000000000005150       0x2c ./source/semihost_hardfault.o
                0x0000000000005150                HardFault_Handler
 .text.CLOCK_SetFLASHAccessCycles
                0x000000000000517c       0x34 ./drivers/fsl_clock.o
 .text.CLOCK_IsSystemPLLLocked
                0x00000000000051b0       0x24 ./drivers/fsl_clock.o
 .text.CLOCK_Enable_SysOsc
                0x00000000000051d4       0x5c ./drivers/fsl_clock.o
 .text.POWER_EnablePD
                0x0000000000005230       0x2e ./drivers/fsl_clock.o
 .text.POWER_DisablePD
                0x000000000000525e       0x2e ./drivers/fsl_clock.o
 .text.CLOCK_GetLcdClkIn
                0x000000000000528c       0x10 ./drivers/fsl_clock.o
                0x000000000000528c                CLOCK_GetLcdClkIn
 .text.CLOCK_GetOsc32KFreq
                0x000000000000529c       0x12 ./drivers/fsl_clock.o
                0x000000000000529c                CLOCK_GetOsc32KFreq
 .text.CLOCK_GetCoreSysClkFreq
                0x00000000000052ae       0x96 ./drivers/fsl_clock.o
                0x00000000000052ae                CLOCK_GetCoreSysClkFreq
 .text.DelayLoop
                0x0000000000005344       0x20 ./drivers/fsl_common.o
 .text.CLOCK_GetEmcClkFreq
                0x0000000000005364       0x38 ./drivers/fsl_emc.o
 .text.EMC_ModeOffset
                0x000000000000539c       0x8a ./drivers/fsl_emc.o
 .text.LCDC_GetDefaultConfig
                0x0000000000005426       0x90 ./drivers/fsl_lcdc.o
                0x0000000000005426                LCDC_GetDefaultConfig
 .text.LCDC_EnableInterrupts
                0x00000000000054b6       0x4e ./drivers/fsl_lcdc.o
                0x00000000000054b6                LCDC_EnableInterrupts
 .text.LCDC_GetEnabledInterruptsPendingStatus
                0x0000000000005504       0x28 ./drivers/fsl_lcdc.o
                0x0000000000005504                LCDC_GetEnabledInterruptsPendingStatus
 .text.LCDC_ClearInterruptsStatus
                0x000000000000552c       0x40 ./drivers/fsl_lcdc.o
                0x000000000000552c                LCDC_ClearInterruptsStatus
 .text.RESET_PeripheralReset
                0x000000000000556c       0x1c ./drivers/fsl_reset.o
                0x000000000000556c                RESET_PeripheralReset
 .text.SCTIMER_SetupCounterLimitAction
                0x0000000000005588       0x58 ./drivers/fsl_sctimer.o
 .text.SystemInitHook
                0x00000000000055e0        0xe ./device/system_LPC54608.o
                0x00000000000055e0                SystemInitHook
 .text.CLOCK_GetEmcClkFreq
                0x00000000000055ee       0x38 ./board/board.o
 .text.POWER_DisablePD
                0x0000000000005626       0x2e ./board/clock_config.o
 .text.IOCON_PinMuxSet
                0x0000000000005654       0x2e ./board/pin_mux.o
 .text.__main   0x0000000000005682        0xe /usr/local/mcuxpressoide-11.3.1_5262/ide/plugins/com.nxp.mcuxpresso.tools.linux_11.3.0.202011031536/tools/bin/../lib/gcc/arm-none-eabi/9.3.1/../../../../arm-none-eabi/lib/thumb/v7e-m+fp/hard/libcr_semihost_nf.a(_cr__main.o)
                0x0000000000005682                __main
                0x0000000000005682                __CR_SEMIHOST
 .text.memset   0x0000000000005690        0x4 /usr/local/mcuxpressoide-11.3.1_5262/ide/plugins/com.nxp.mcuxpresso.tools.linux_11.3.0.202011031536/tools/bin/../lib/gcc/arm-none-eabi/9.3.1/../../../../arm-none-eabi/lib/thumb/v7e-m+fp/hard/libcr_c.a(memset.o)
                0x0000000000005690                memset
 .text.free     0x0000000000005694       0x30 /usr/local/mcuxpressoide-11.3.1_5262/ide/plugins/com.nxp.mcuxpresso.tools.linux_11.3.0.202011031536/tools/bin/../lib/gcc/arm-none-eabi/9.3.1/../../../../arm-none-eabi/lib/thumb/v7e-m+fp/hard/libcr_c.a(alloc.o)
                0x0000000000005694                free
 .text.asin     0x00000000000056c4        0x6 /usr/local/mcuxpressoide-11.3.1_5262/ide/plugins/com.nxp.mcuxpresso.tools.linux_11.3.0.202011031536/tools/bin/../lib/gcc/arm-none-eabi/9.3.1/../../../../arm-none-eabi/lib/thumb/v7e-m+fp/hard/libcr_c.a(asin.o)
                0x00000000000056c4                asin
 .text.fabs     0x00000000000056ca       0x22 /usr/local/mcuxpressoide-11.3.1_5262/ide/plugins/com.nxp.mcuxpresso.tools.linux_11.3.0.202011031536/tools/bin/../lib/gcc/arm-none-eabi/9.3.1/../../../../arm-none-eabi/lib/thumb/v7e-m+fp/hard/libcr_c.a(fabs.o)
                0x00000000000056ca                fabs
 .text.fclose   0x00000000000056ec       0x58 /usr/local/mcuxpressoide-11.3.1_5262/ide/plugins/com.nxp.mcuxpresso.tools.linux_11.3.0.202011031536/tools/bin/../lib/gcc/arm-none-eabi/9.3.1/../../../../arm-none-eabi/lib/thumb/v7e-m+fp/hard/libcr_c.a(fclose.o)
                0x00000000000056ec                fclose
 .text.no_fp_display
                0x0000000000005744        0x4 /usr/local/mcuxpressoide-11.3.1_5262/ide/plugins/com.nxp.mcuxpresso.tools.linux_11.3.0.202011031536/tools/bin/../lib/gcc/arm-none-eabi/9.3.1/../../../../arm-none-eabi/lib/thumb/v7e-m+fp/hard/libcr_c.a(printf.o)
 .text.remove   0x0000000000005748       0x14 /usr/local/mcuxpressoide-11.3.1_5262/ide/plugins/com.nxp.mcuxpresso.tools.linux_11.3.0.202011031536/tools/bin/../lib/gcc/arm-none-eabi/9.3.1/../../../../arm-none-eabi/lib/thumb/v7e-m+fp/hard/libcr_c.a(remove.o)
                0x0000000000005748                remove
 .text.setvbuf  0x000000000000575c       0x3e /usr/local/mcuxpressoide-11.3.1_5262/ide/plugins/com.nxp.mcuxpresso.tools.linux_11.3.0.202011031536/tools/bin/../lib/gcc/arm-none-eabi/9.3.1/../../../../arm-none-eabi/lib/thumb/v7e-m+fp/hard/libcr_c.a(setvbuf.o)
                0x000000000000575c                setvbuf
 .text.sin      0x000000000000579a       0x40 /usr/local/mcuxpressoide-11.3.1_5262/ide/plugins/com.nxp.mcuxpresso.tools.linux_11.3.0.202011031536/tools/bin/../lib/gcc/arm-none-eabi/9.3.1/../../../../arm-none-eabi/lib/thumb/v7e-m+fp/hard/libcr_c.a(sin.o)
                0x000000000000579a                sin
 .text.strlen   0x00000000000057da       0x4c /usr/local/mcuxpressoide-11.3.1_5262/ide/plugins/com.nxp.mcuxpresso.tools.linux_11.3.0.202011031536/tools/bin/../lib/gcc/arm-none-eabi/9.3.1/../../../../arm-none-eabi/lib/thumb/v7e-m+fp/hard/libcr_c.a(strlen.o)
                0x00000000000057da                strlen
 .text._deferredlazyseek
                0x0000000000005826       0x40 /usr/local/mcuxpressoide-11.3.1_5262/ide/plugins/com.nxp.mcuxpresso.tools.linux_11.3.0.202011031536/tools/bin/../lib/gcc/arm-none-eabi/9.3.1/../../../../arm-none-eabi/lib/thumb/v7e-m+fp/hard/libcr_c.a(_deferredlazyseek.o)
                0x0000000000005826                _deferredlazyseek
 .text.__flsbuf
                0x0000000000005866      0x140 /usr/local/mcuxpressoide-11.3.1_5262/ide/plugins/com.nxp.mcuxpresso.tools.linux_11.3.0.202011031536/tools/bin/../lib/gcc/arm-none-eabi/9.3.1/../../../../arm-none-eabi/lib/thumb/v7e-m+fp/hard/libcr_c.a(_deferredlazyseek.o)
                0x0000000000005866                __flsbuf
 .text._do_fflush
                0x00000000000059a6       0x40 /usr/local/mcuxpressoide-11.3.1_5262/ide/plugins/com.nxp.mcuxpresso.tools.linux_11.3.0.202011031536/tools/bin/../lib/gcc/arm-none-eabi/9.3.1/../../../../arm-none-eabi/lib/thumb/v7e-m+fp/hard/libcr_c.a(_do_fflush.o)
                0x00000000000059a6                _do_fflush
 .text._fdopen  0x00000000000059e6       0x68 /usr/local/mcuxpressoide-11.3.1_5262/ide/plugins/com.nxp.mcuxpresso.tools.linux_11.3.0.202011031536/tools/bin/../lib/gcc/arm-none-eabi/9.3.1/../../../../arm-none-eabi/lib/thumb/v7e-m+fp/hard/libcr_c.a(_fdopen.o)
                0x00000000000059e6                _fdopen
 .text._fflush  0x0000000000005a4e       0x52 /usr/local/mcuxpressoide-11.3.1_5262/ide/plugins/com.nxp.mcuxpresso.tools.linux_11.3.0.202011031536/tools/bin/../lib/gcc/arm-none-eabi/9.3.1/../../../../arm-none-eabi/lib/thumb/v7e-m+fp/hard/libcr_c.a(_fflush.o)
                0x0000000000005a4e                _fflush
 .text.__aeabi_division_uldivmod
                0x0000000000005aa0      0x174 /usr/local/mcuxpressoide-11.3.1_5262/ide/plugins/com.nxp.mcuxpresso.tools.linux_11.3.0.202011031536/tools/bin/../lib/gcc/arm-none-eabi/9.3.1/thumb/v7e-m+fp/hard/libcr_eabihelpers.a(division_64.o)
                0x0000000000005aa0                __aeabi_uldivmod
                0x0000000000005aa4                __bhs_ldivmod1
 .text.__aeabi_division_idiv0
                0x0000000000005c14        0x2 /usr/local/mcuxpressoide-11.3.1_5262/ide/plugins/com.nxp.mcuxpresso.tools.linux_11.3.0.202011031536/tools/bin/../lib/gcc/arm-none-eabi/9.3.1/thumb/v7e-m+fp/hard/libcr_eabihelpers.a(division_idiv0.o)
                0x0000000000005c14                __aeabi_idiv0
 .text.__aeabi_d2iz
                0x0000000000005c16       0x40 /usr/local/mcuxpressoide-11.3.1_5262/ide/plugins/com.nxp.mcuxpresso.tools.linux_11.3.0.202011031536/tools/bin/../lib/gcc/arm-none-eabi/9.3.1/thumb/v7e-m+fp/hard/libcr_eabihelpers.a(double.o)
                0x0000000000005c16                __aeabi_d2iz
 .text.__bhs_ui2d
                0x0000000000005c56       0x46 /usr/local/mcuxpressoide-11.3.1_5262/ide/plugins/com.nxp.mcuxpresso.tools.linux_11.3.0.202011031536/tools/bin/../lib/gcc/arm-none-eabi/9.3.1/thumb/v7e-m+fp/hard/libcr_eabihelpers.a(double.o)
                0x0000000000005c56                __bhs_ui2d
 .text.__aeabi_i2d
                0x0000000000005c9c       0x12 /usr/local/mcuxpressoide-11.3.1_5262/ide/plugins/com.nxp.mcuxpresso.tools.linux_11.3.0.202011031536/tools/bin/../lib/gcc/arm-none-eabi/9.3.1/thumb/v7e-m+fp/hard/libcr_eabihelpers.a(double.o)
                0x0000000000005c9c                __aeabi_i2d
 .text.__aeabi_dcmpeq
                0x0000000000005cae       0x30 /usr/local/mcuxpressoide-11.3.1_5262/ide/plugins/com.nxp.mcuxpresso.tools.linux_11.3.0.202011031536/tools/bin/../lib/gcc/arm-none-eabi/9.3.1/thumb/v7e-m+fp/hard/libcr_eabihelpers.a(double.o)
                0x0000000000005cae                __aeabi_dcmpeq
 .text.__aeabi_dcmplt
                0x0000000000005cde       0x56 /usr/local/mcuxpressoide-11.3.1_5262/ide/plugins/com.nxp.mcuxpresso.tools.linux_11.3.0.202011031536/tools/bin/../lib/gcc/arm-none-eabi/9.3.1/thumb/v7e-m+fp/hard/libcr_eabihelpers.a(double.o)
                0x0000000000005cde                __aeabi_dcmplt
 .text.__aeabi_dcmpgt
                0x0000000000005d34       0x56 /usr/local/mcuxpressoide-11.3.1_5262/ide/plugins/com.nxp.mcuxpresso.tools.linux_11.3.0.202011031536/tools/bin/../lib/gcc/arm-none-eabi/9.3.1/thumb/v7e-m+fp/hard/libcr_eabihelpers.a(double.o)
                0x0000000000005d34                __aeabi_dcmpgt
 .text.__aeabi_dcmple
                0x0000000000005d8a       0x56 /usr/local/mcuxpressoide-11.3.1_5262/ide/plugins/com.nxp.mcuxpresso.tools.linux_11.3.0.202011031536/tools/bin/../lib/gcc/arm-none-eabi/9.3.1/thumb/v7e-m+fp/hard/libcr_eabihelpers.a(double.o)
                0x0000000000005d8a                __aeabi_dcmple
 .text.__aeabi_dcmpge
                0x0000000000005de0       0x5c /usr/local/mcuxpressoide-11.3.1_5262/ide/plugins/com.nxp.mcuxpresso.tools.linux_11.3.0.202011031536/tools/bin/../lib/gcc/arm-none-eabi/9.3.1/thumb/v7e-m+fp/hard/libcr_eabihelpers.a(double.o)
                0x0000000000005de0                __aeabi_dcmpge
 .text.__aeabi_memset_lowlevel
                0x0000000000005e3c       0x32 /usr/local/mcuxpressoide-11.3.1_5262/ide/plugins/com.nxp.mcuxpresso.tools.linux_11.3.0.202011031536/tools/bin/../lib/gcc/arm-none-eabi/9.3.1/thumb/v7e-m+fp/hard/libcr_eabihelpers.a(memcpy.o)
                0x0000000000005e3c                __aeabi_lowlevel_memset
 .text.__sys_close
                0x0000000000005e6e        0xc /usr/local/mcuxpressoide-11.3.1_5262/ide/plugins/com.nxp.mcuxpresso.tools.linux_11.3.0.202011031536/tools/bin/../lib/gcc/arm-none-eabi/9.3.1/../../../../arm-none-eabi/lib/thumb/v7e-m+fp/hard/libcr_semihost_nf.a(__sys_close.o)
                0x0000000000005e6e                __sys_close
 .text.__sys_flen
                0x0000000000005e7a        0xc /usr/local/mcuxpressoide-11.3.1_5262/ide/plugins/com.nxp.mcuxpresso.tools.linux_11.3.0.202011031536/tools/bin/../lib/gcc/arm-none-eabi/9.3.1/../../../../arm-none-eabi/lib/thumb/v7e-m+fp/hard/libcr_semihost_nf.a(__sys_flen.o)
                0x0000000000005e7a                __sys_flen
 .text.__sys_istty
                0x0000000000005e86        0xc /usr/local/mcuxpressoide-11.3.1_5262/ide/plugins/com.nxp.mcuxpresso.tools.linux_11.3.0.202011031536/tools/bin/../lib/gcc/arm-none-eabi/9.3.1/../../../../arm-none-eabi/lib/thumb/v7e-m+fp/hard/libcr_semihost_nf.a(__sys_istty.o)
                0x0000000000005e86                __sys_istty
 .text.__sys_remove
                0x0000000000005e92        0xc /usr/local/mcuxpressoide-11.3.1_5262/ide/plugins/com.nxp.mcuxpresso.tools.linux_11.3.0.202011031536/tools/bin/../lib/gcc/arm-none-eabi/9.3.1/../../../../arm-none-eabi/lib/thumb/v7e-m+fp/hard/libcr_semihost_nf.a(__sys_remove.o)
                0x0000000000005e92                __sys_remove
 .text.__sys_seek
                0x0000000000005e9e        0xc /usr/local/mcuxpressoide-11.3.1_5262/ide/plugins/com.nxp.mcuxpresso.tools.linux_11.3.0.202011031536/tools/bin/../lib/gcc/arm-none-eabi/9.3.1/../../../../arm-none-eabi/lib/thumb/v7e-m+fp/hard/libcr_semihost_nf.a(__sys_seek.o)
                0x0000000000005e9e                __sys_seek
 .text.__sys_tmpnam
                0x0000000000005eaa        0xc /usr/local/mcuxpressoide-11.3.1_5262/ide/plugins/com.nxp.mcuxpresso.tools.linux_11.3.0.202011031536/tools/bin/../lib/gcc/arm-none-eabi/9.3.1/../../../../arm-none-eabi/lib/thumb/v7e-m+fp/hard/libcr_semihost_nf.a(__sys_tmpnam.o)
                0x0000000000005eaa                __sys_tmpnam
 .text.__sys_write
                0x0000000000005eb6        0xc /usr/local/mcuxpressoide-11.3.1_5262/ide/plugins/com.nxp.mcuxpresso.tools.linux_11.3.0.202011031536/tools/bin/../lib/gcc/arm-none-eabi/9.3.1/../../../../arm-none-eabi/lib/thumb/v7e-m+fp/hard/libcr_semihost_nf.a(__sys_write.o)
                0x0000000000005eb6                __sys_write
 *(SORT_BY_ALIGNMENT(.rodata) SORT_BY_ALIGNMENT(.rodata.*) SORT_BY_ALIGNMENT(.constdata) SORT_BY_ALIGNMENT(.constdata.*))
 *fill*         0x0000000000005ec2        0x6 ff
 .rodata.a.5315
                0x0000000000005ec8       0x10 /usr/local/mcuxpressoide-11.3.1_5262/ide/plugins/com.nxp.mcuxpresso.tools.linux_11.3.0.202011031536/tools/bin/../lib/gcc/arm-none-eabi/9.3.1/../../../../arm-none-eabi/lib/thumb/v7e-m+fp/hard/libcr_c.a(_asinacos.o)
 .rodata.b.5316
                0x0000000000005ed8       0x10 /usr/local/mcuxpressoide-11.3.1_5262/ide/plugins/com.nxp.mcuxpresso.tools.linux_11.3.0.202011031536/tools/bin/../lib/gcc/arm-none-eabi/9.3.1/../../../../arm-none-eabi/lib/thumb/v7e-m+fp/hard/libcr_c.a(_asinacos.o)
 .rodata.a.5312
                0x0000000000005ee8       0x20 /usr/local/mcuxpressoide-11.3.1_5262/ide/plugins/com.nxp.mcuxpresso.tools.linux_11.3.0.202011031536/tools/bin/../lib/gcc/arm-none-eabi/9.3.1/../../../../arm-none-eabi/lib/thumb/v7e-m+fp/hard/libcr_c.a(atan.o)
 .rodata.__assertion_failed.str1.4
                0x0000000000005f08       0x14 ./utilities/fsl_assert.o
 .rodata.palette
                0x0000000000005f1c        0x8 ./source/lcdc_tft.o
 .rodata.defaultTextureMap
                0x0000000000005f24    0x3a986 ./source/textureMap.o
                0x0000000000005f24                defaultTextureMap
 *fill*         0x00000000000408aa        0x2 ff
 .rodata.wdtFreqLookup
                0x00000000000408ac       0x20 ./drivers/fsl_clock.o
 .rodata.SDK_DelayAtLeastUs.str1.4
                0x00000000000408cc       0x4c ./drivers/fsl_common.o
 .rodata.s_EMCDYCSBases
                0x0000000000040918       0x10 ./drivers/fsl_emc.o
 .rodata.EMC_GetInstance.str1.4
                0x0000000000040928       0x33 ./drivers/fsl_emc.o
 *fill*         0x000000000004095b        0x1 ff
 .rodata.EMC_DynamicMemInit.str1.4
                0x000000000004095c       0x76 ./drivers/fsl_emc.o
 *fill*         0x00000000000409d2        0x2 ff
 .rodata.FLEXCOMM0_DriverIRQHandler.str1.4
                0x00000000000409d4       0x2e ./drivers/fsl_flexcomm.o
 *fill*         0x0000000000040a02        0x2 ff
 .rodata.FLEXCOMM1_DriverIRQHandler.str1.4
                0x0000000000040a04       0x2e ./drivers/fsl_flexcomm.o
 *fill*         0x0000000000040a32        0x2 ff
 .rodata.FLEXCOMM2_DriverIRQHandler.str1.4
                0x0000000000040a34       0x2e ./drivers/fsl_flexcomm.o
 *fill*         0x0000000000040a62        0x2 ff
 .rodata.FLEXCOMM3_DriverIRQHandler.str1.4
                0x0000000000040a64       0x2e ./drivers/fsl_flexcomm.o
 *fill*         0x0000000000040a92        0x2 ff
 .rodata.FLEXCOMM4_DriverIRQHandler.str1.4
                0x0000000000040a94       0x2e ./drivers/fsl_flexcomm.o
 *fill*         0x0000000000040ac2        0x2 ff
 .rodata.FLEXCOMM5_DriverIRQHandler.str1.4
                0x0000000000040ac4       0x2e ./drivers/fsl_flexcomm.o
 *fill*         0x0000000000040af2        0x2 ff
 .rodata.FLEXCOMM6_DriverIRQHandler.str1.4
                0x0000000000040af4       0x2e ./drivers/fsl_flexcomm.o
 *fill*         0x0000000000040b22        0x2 ff
 .rodata.FLEXCOMM7_DriverIRQHandler.str1.4
                0x0000000000040b24       0x2e ./drivers/fsl_flexcomm.o
 *fill*         0x0000000000040b52        0x2 ff
 .rodata.FLEXCOMM8_DriverIRQHandler.str1.4
                0x0000000000040b54       0x2e ./drivers/fsl_flexcomm.o
 *fill*         0x0000000000040b82        0x2 ff
 .rodata.FLEXCOMM9_DriverIRQHandler.str1.4
                0x0000000000040b84       0x2e ./drivers/fsl_flexcomm.o
 *fill*         0x0000000000040bb2        0x2 ff
 .rodata.LCDC_GetInstance.str1.4
                0x0000000000040bb4       0x33 ./drivers/fsl_lcdc.o
 *fill*         0x0000000000040be7        0x1 ff
 .rodata.LCDC_Init.str1.4
                0x0000000000040be8       0xed ./drivers/fsl_lcdc.o
 *fill*         0x0000000000040cd5        0x3 ff
 .rodata.LCDC_SetPalette.str1.4
                0x0000000000040cd8       0x37 ./drivers/fsl_lcdc.o
 *fill*         0x0000000000040d0f        0x1 ff
 .rodata.RESET_SetPeripheralReset.str1.4
                0x0000000000040d10       0x20 ./drivers/fsl_reset.o
 .rodata.RESET_ClearPeripheralReset.str1.4
                0x0000000000040d30       0x20 ./drivers/fsl_reset.o
 .rodata.SCTIMER_SetupOutputSetAction.str1.4
                0x0000000000040d50       0x4b ./drivers/fsl_sctimer.o
 *fill*         0x0000000000040d9b        0x1 ff
 .rodata.SCTIMER_SetupOutputClearAction.str1.4
                0x0000000000040d9c       0x4b ./drivers/fsl_sctimer.o
 *fill*         0x0000000000040de7        0x1 ff
 .rodata.SCTIMER_GetInstance.str1.4
                0x0000000000040de8       0x2d ./drivers/fsl_sctimer.o
 *fill*         0x0000000000040e15        0x3 ff
 .rodata.SCTIMER_Init.str1.4
                0x0000000000040e18       0x24 ./drivers/fsl_sctimer.o
 .rodata.SCTIMER_GetDefaultConfig.str1.4
                0x0000000000040e3c       0x24 ./drivers/fsl_sctimer.o
 .rodata.SCTIMER_SetupPwm.str1.4
                0x0000000000040e60       0xd7 ./drivers/fsl_sctimer.o
 *fill*         0x0000000000040f37        0x1 ff
 .rodata.BOARD_InitSDRAM.str1.4
                0x0000000000040f38       0x1b ./board/board.o
 *fill*         0x0000000000040f53        0x1 ff
 .rodata.__num_Ciob_streams
                0x0000000000040f54        0x4 /usr/local/mcuxpressoide-11.3.1_5262/ide/plugins/com.nxp.mcuxpresso.tools.linux_11.3.0.202011031536/tools/bin/../lib/gcc/arm-none-eabi/9.3.1/../../../../arm-none-eabi/lib/thumb/v7e-m+fp/hard/libcr_semihost_nf.a(__ciob.o)
                0x0000000000040f54                __num_Ciob_streams
 .rodata._Csys_alloc.str1.1
                0x0000000000040f58       0x18 /usr/local/mcuxpressoide-11.3.1_5262/ide/plugins/com.nxp.mcuxpresso.tools.linux_11.3.0.202011031536/tools/bin/../lib/gcc/arm-none-eabi/9.3.1/../../../../arm-none-eabi/lib/thumb/v7e-m+fp/hard/libcr_c.a(alloc.o)
 .rodata._initio.str1.1
                0x0000000000040f70        0x4 /usr/local/mcuxpressoide-11.3.1_5262/ide/plugins/com.nxp.mcuxpresso.tools.linux_11.3.0.202011031536/tools/bin/../lib/gcc/arm-none-eabi/9.3.1/../../../../arm-none-eabi/lib/thumb/v7e-m+fp/hard/libcr_c.a(initio.o)
 .rodata.__vfprintf.str1.1
                0x0000000000040f74       0x37 /usr/local/mcuxpressoide-11.3.1_5262/ide/plugins/com.nxp.mcuxpresso.tools.linux_11.3.0.202011031536/tools/bin/../lib/gcc/arm-none-eabi/9.3.1/../../../../arm-none-eabi/lib/thumb/v7e-m+fp/hard/libcr_c.a(printf.o)
                                         0x38 (size before relaxing)
                0x0000000000040fac                . = ALIGN (0x4)
 *fill*         0x0000000000040fab        0x1 ff

.glue_7         0x0000000000040fac        0x0
 .glue_7        0x0000000000040fac        0x0 linker stubs

.glue_7t        0x0000000000040fac        0x0
 .glue_7t       0x0000000000040fac        0x0 linker stubs

.vfp11_veneer   0x0000000000040fac        0x0
 .vfp11_veneer  0x0000000000040fac        0x0 linker stubs

.v4_bx          0x0000000000040fac        0x0
 .v4_bx         0x0000000000040fac        0x0 linker stubs

.iplt           0x0000000000040fac        0x0
 .iplt          0x0000000000040fac        0x0 ./utilities/fsl_assert.o

.rel.dyn        0x0000000000040fac        0x0
 .rel.iplt      0x0000000000040fac        0x0 ./utilities/fsl_assert.o

.ARM.extab
 *(SORT_BY_ALIGNMENT(.ARM.extab*) SORT_BY_ALIGNMENT(.gnu.linkonce.armextab.*))

.ARM.exidx      0x0000000000040fac        0x0
                0x0000000000040fac                __exidx_start = .
 *(SORT_BY_ALIGNMENT(.ARM.exidx*) SORT_BY_ALIGNMENT(.gnu.linkonce.armexidx.*))
                0x0000000000040fac                __exidx_end = .
                0x0000000000040fac                _etext = .

.m_usb_data
 *(SORT_BY_ALIGNMENT(m_usb_global))

.data_RAM2      0x0000000004000000        0x0 load address 0x0000000000040fac
 FILL mask 0xff
                [!provide]                        PROVIDE (__start_data_RAM2 = .)
                [!provide]                        PROVIDE (__start_data_SRAMX = .)
 *(SORT_BY_ALIGNMENT(.ramfunc.$RAM2))
 *(SORT_BY_ALIGNMENT(.ramfunc.$SRAMX))
 *(SORT_BY_ALIGNMENT(.data.$RAM2))
 *(SORT_BY_ALIGNMENT(.data.$SRAMX))
 *(SORT_BY_ALIGNMENT(.data.$RAM2.*))
 *(SORT_BY_ALIGNMENT(.data.$SRAMX.*))
                0x0000000004000000                . = ALIGN (0x4)
                [!provide]                        PROVIDE (__end_data_RAM2 = .)
                [!provide]                        PROVIDE (__end_data_SRAMX = .)

.data_RAM3      0x0000000040100000        0x0 load address 0x0000000000040fac
 FILL mask 0xff
                [!provide]                        PROVIDE (__start_data_RAM3 = .)
                [!provide]                        PROVIDE (__start_data_USB_RAM = .)
 *(SORT_BY_ALIGNMENT(.ramfunc.$RAM3))
 *(SORT_BY_ALIGNMENT(.ramfunc.$USB_RAM))
 *(SORT_BY_ALIGNMENT(.data.$RAM3))
 *(SORT_BY_ALIGNMENT(.data.$USB_RAM))
 *(SORT_BY_ALIGNMENT(.data.$RAM3.*))
 *(SORT_BY_ALIGNMENT(.data.$USB_RAM.*))
                0x0000000040100000                . = ALIGN (0x4)
                [!provide]                        PROVIDE (__end_data_RAM3 = .)
                [!provide]                        PROVIDE (__end_data_USB_RAM = .)

.data_RAM4      0x00000000a0000000        0x0 load address 0x0000000000040fac
 FILL mask 0xff
                [!provide]                        PROVIDE (__start_data_RAM4 = .)
                [!provide]                        PROVIDE (__start_data_BOARD_SDRAM = .)
 *(SORT_BY_ALIGNMENT(.ramfunc.$RAM4))
 *(SORT_BY_ALIGNMENT(.ramfunc.$BOARD_SDRAM))
 *(SORT_BY_ALIGNMENT(.data.$RAM4))
 *(SORT_BY_ALIGNMENT(.data.$BOARD_SDRAM))
 *(SORT_BY_ALIGNMENT(.data.$RAM4.*))
 *(SORT_BY_ALIGNMENT(.data.$BOARD_SDRAM.*))
                0x00000000a0000000                . = ALIGN (0x4)
                [!provide]                        PROVIDE (__end_data_RAM4 = .)
                [!provide]                        PROVIDE (__end_data_BOARD_SDRAM = .)

.uninit_RESERVED
                0x0000000020000000        0x0
                0x0000000020000000                _start_uninit_RESERVED = .
 *(SORT_BY_ALIGNMENT(.bss.$RESERVED*))
                0x0000000020000000                . = ALIGN (0x4)
                0x0000000020000000                _end_uninit_RESERVED = .

.data           0x0000000020000000        0x4 load address 0x0000000000040fac
 FILL mask 0xff
                0x0000000020000000                _data = .
                [!provide]                        PROVIDE (__start_data_RAM = .)
                [!provide]                        PROVIDE (__start_data_SRAM_UPPER = .)
 *(SORT_BY_ALIGNMENT(vtable))
 *(SORT_BY_ALIGNMENT(.ramfunc*))
 *(SORT_BY_ALIGNMENT(CodeQuickAccess))
 *(SORT_BY_ALIGNMENT(DataQuickAccess))
 *(SORT_BY_ALIGNMENT(RamFunction))
 *(SORT_BY_ALIGNMENT(.data*))
 .data.SystemCoreClock
                0x0000000020000000        0x4 ./device/system_LPC54608.o
                0x0000000020000000                SystemCoreClock
                0x0000000020000004                . = ALIGN (0x4)
                0x0000000020000004                _edata = .
                [!provide]                        PROVIDE (__end_data_RAM = .)
                [!provide]                        PROVIDE (__end_data_SRAM_UPPER = .)

.igot.plt       0x0000000020000004        0x0 load address 0x0000000000040fb0
 .igot.plt      0x0000000020000004        0x0 ./utilities/fsl_assert.o

.bss_RAM2       0x0000000004000000        0x0
                [!provide]                        PROVIDE (__start_bss_RAM2 = .)
                [!provide]                        PROVIDE (__start_bss_SRAMX = .)
 *(SORT_BY_ALIGNMENT(.bss.$RAM2))
 *(SORT_BY_ALIGNMENT(.bss.$SRAMX))
 *(SORT_BY_ALIGNMENT(.bss.$RAM2.*))
 *(SORT_BY_ALIGNMENT(.bss.$SRAMX.*))
                0x0000000004000000                . = ALIGN ((. != 0x0)?0x4:0x1)
                [!provide]                        PROVIDE (__end_bss_RAM2 = .)
                [!provide]                        PROVIDE (__end_bss_SRAMX = .)

.bss_RAM3       0x0000000040100000        0x0
                [!provide]                        PROVIDE (__start_bss_RAM3 = .)
                [!provide]                        PROVIDE (__start_bss_USB_RAM = .)
 *(SORT_BY_ALIGNMENT(.bss.$RAM3))
 *(SORT_BY_ALIGNMENT(.bss.$USB_RAM))
 *(SORT_BY_ALIGNMENT(.bss.$RAM3.*))
 *(SORT_BY_ALIGNMENT(.bss.$USB_RAM.*))
                0x0000000040100000                . = ALIGN ((. != 0x0)?0x4:0x1)
                [!provide]                        PROVIDE (__end_bss_RAM3 = .)
                [!provide]                        PROVIDE (__end_bss_USB_RAM = .)

.bss_RAM4       0x00000000a0000000        0x0
                [!provide]                        PROVIDE (__start_bss_RAM4 = .)
                [!provide]                        PROVIDE (__start_bss_BOARD_SDRAM = .)
 *(SORT_BY_ALIGNMENT(.bss.$RAM4))
 *(SORT_BY_ALIGNMENT(.bss.$BOARD_SDRAM))
 *(SORT_BY_ALIGNMENT(.bss.$RAM4.*))
 *(SORT_BY_ALIGNMENT(.bss.$BOARD_SDRAM.*))
                0x00000000a0000000                . = ALIGN ((. != 0x0)?0x4:0x1)
                [!provide]                        PROVIDE (__end_bss_RAM4 = .)
                [!provide]                        PROVIDE (__end_bss_BOARD_SDRAM = .)

.bss            0x0000000020000008      0x19c
                0x0000000020000008                _bss = .
                [!provide]                        PROVIDE (__start_bss_RAM = .)
                [!provide]                        PROVIDE (__start_bss_SRAM_UPPER = .)
 *(SORT_BY_ALIGNMENT(.bss*))
 .bss.mtot      0x0000000020000008       0x48 ./source/navball.o
 .bss.s_Pll_Freq
                0x0000000020000050        0x4 ./drivers/fsl_clock.o
 .bss.s_Audio_Pll_Freq
                0x0000000020000054        0x4 ./drivers/fsl_clock.o
 .bss.s_flexcommIrqHandler
                0x0000000020000058       0x28 ./drivers/fsl_flexcomm.o
 .bss.s_flexcommHandle
                0x0000000020000080       0x28 ./drivers/fsl_flexcomm.o
 .bss.s_eventCallback
                0x00000000200000a8       0x28 ./drivers/fsl_sctimer.o
 .bss.s_currentEvent
                0x00000000200000d0        0x4 ./drivers/fsl_sctimer.o
 .bss.s_currentState
                0x00000000200000d4        0x4 ./drivers/fsl_sctimer.o
 .bss.s_currentMatch
                0x00000000200000d8        0x4 ./drivers/fsl_sctimer.o
 .bss.s_sctimerIsr
                0x00000000200000dc        0x4 ./drivers/fsl_sctimer.o
 .bss.errno     0x00000000200000e0        0x4 /usr/local/mcuxpressoide-11.3.1_5262/ide/plugins/com.nxp.mcuxpresso.tools.linux_11.3.0.202011031536/tools/bin/../lib/gcc/arm-none-eabi/9.3.1/../../../../arm-none-eabi/lib/thumb/v7e-m+fp/hard/libcr_c.a(errno.o)
                0x00000000200000e0                errno
 .bss.__end_of_heap
                0x00000000200000e4        0x4 /usr/local/mcuxpressoide-11.3.1_5262/ide/plugins/com.nxp.mcuxpresso.tools.linux_11.3.0.202011031536/tools/bin/../lib/gcc/arm-none-eabi/9.3.1/../../../../arm-none-eabi/lib/thumb/v7e-m+fp/hard/libcr_c.a(__init_alloc.o)
                0x00000000200000e4                __end_of_heap
 .bss.__heaps   0x00000000200000e8        0x4 /usr/local/mcuxpressoide-11.3.1_5262/ide/plugins/com.nxp.mcuxpresso.tools.linux_11.3.0.202011031536/tools/bin/../lib/gcc/arm-none-eabi/9.3.1/../../../../arm-none-eabi/lib/thumb/v7e-m+fp/hard/libcr_c.a(__init_alloc.o)
                0x00000000200000e8                __heaps
 .bss.__Ciob    0x00000000200000ec       0xb4 /usr/local/mcuxpressoide-11.3.1_5262/ide/plugins/com.nxp.mcuxpresso.tools.linux_11.3.0.202011031536/tools/bin/../lib/gcc/arm-none-eabi/9.3.1/../../../../arm-none-eabi/lib/thumb/v7e-m+fp/hard/libcr_semihost_nf.a(__ciob.o)
                0x00000000200000ec                __Ciob
 .bss.s_frameEndFlag
                0x00000000200001a0        0x1 ./source/lcdc_tft.o
 *(SORT_BY_ALIGNMENT(COMMON))
                0x00000000200001a4                . = ALIGN (0x4)
 *fill*         0x00000000200001a1        0x3 
                0x00000000200001a4                _ebss = .
                [!provide]                        PROVIDE (__end_bss_RAM = .)
                [!provide]                        PROVIDE (__end_bss_SRAM_UPPER = .)
                [!provide]                        PROVIDE (end = .)

.noinit_RAM2    0x0000000004000000        0x0
                [!provide]                        PROVIDE (__start_noinit_RAM2 = .)
                [!provide]                        PROVIDE (__start_noinit_SRAMX = .)
 *(SORT_BY_ALIGNMENT(.noinit.$RAM2))
 *(SORT_BY_ALIGNMENT(.noinit.$SRAMX))
 *(SORT_BY_ALIGNMENT(.noinit.$RAM2.*))
 *(SORT_BY_ALIGNMENT(.noinit.$SRAMX.*))
                0x0000000004000000                . = ALIGN (0x4)
                [!provide]                        PROVIDE (__end_noinit_RAM2 = .)
                [!provide]                        PROVIDE (__end_noinit_SRAMX = .)

.noinit_RAM3    0x0000000040100000        0x0
                [!provide]                        PROVIDE (__start_noinit_RAM3 = .)
                [!provide]                        PROVIDE (__start_noinit_USB_RAM = .)
 *(SORT_BY_ALIGNMENT(.noinit.$RAM3))
 *(SORT_BY_ALIGNMENT(.noinit.$USB_RAM))
 *(SORT_BY_ALIGNMENT(.noinit.$RAM3.*))
 *(SORT_BY_ALIGNMENT(.noinit.$USB_RAM.*))
                0x0000000040100000                . = ALIGN (0x4)
                [!provide]                        PROVIDE (__end_noinit_RAM3 = .)
                [!provide]                        PROVIDE (__end_noinit_USB_RAM = .)

.noinit_RAM4    0x00000000a0000000    0x6fc00
                [!provide]                        PROVIDE (__start_noinit_RAM4 = .)
                [!provide]                        PROVIDE (__start_noinit_BOARD_SDRAM = .)
 *(SORT_BY_ALIGNMENT(.noinit.$RAM4))
 .noinit.$RAM4  0x00000000a0000000    0x3fc00 ./source/lcdc_tft.o
 *(SORT_BY_ALIGNMENT(.noinit.$BOARD_SDRAM))
 .noinit.$BOARD_SDRAM
                0x00000000a003fc00    0x30000 ./source/lcdc_tft.o
                0x00000000a003fc00                navball
 *(SORT_BY_ALIGNMENT(.noinit.$RAM4.*))
 *(SORT_BY_ALIGNMENT(.noinit.$BOARD_SDRAM.*))
                0x00000000a006fc00                . = ALIGN (0x4)
                [!provide]                        PROVIDE (__end_noinit_RAM4 = .)
                [!provide]                        PROVIDE (__end_noinit_BOARD_SDRAM = .)

.noinit         0x00000000200001a4        0x0
                0x00000000200001a4                _noinit = .
                [!provide]                        PROVIDE (__start_noinit_RAM = .)
                [!provide]                        PROVIDE (__start_noinit_SRAM_UPPER = .)
 *(SORT_BY_ALIGNMENT(.noinit*))
                0x00000000200001a4                . = ALIGN (0x4)
                0x00000000200001a4                _end_noinit = .
                [!provide]                        PROVIDE (__end_noinit_RAM = .)
                [!provide]                        PROVIDE (__end_noinit_SRAM_UPPER = .)
                0x0000000000001000                _HeapSize = 0x1000

.heap           0x00000000200001a4     0x1000
                0x00000000200001a4                _pvHeapStart = .
                0x00000000200011a4                . = (. + _HeapSize)
 *fill*         0x00000000200001a4     0x1000 
                0x00000000200011a4                . = ALIGN (0x4)
                0x00000000200011a4                _pvHeapLimit = .
                0x0000000000001000                _StackSize = 0x1000

.heap2stackfill
                0x00000000200011a4     0x1000
                0x00000000200021a4                . = (. + _StackSize)
 *fill*         0x00000000200011a4     0x1000 

.stack          0x0000000020027000        0x0
                0x0000000020027000                _vStackBase = .
                0x0000000020027000                . = ALIGN (0x4)
                0x0000000020028000                _vStackTop = (. + _StackSize)
                0xffffffffdffd2534                PROVIDE (__valid_user_code_checksum = (0x0 - ((((((_vStackTop + (ResetISR + 0x1)) + (NMI_Handler + 0x1)) + (HardFault_Handler + 0x1)) + (DEFINED (MemManage_Handler)?MemManage_Handler:0x0 + 0x1)) + (DEFINED (BusFault_Handler)?BusFault_Handler:0x0 + 0x1)) + (DEFINED (UsageFault_Handler)?UsageFault_Handler:0x0 + 0x1))))
                0x0000000000000000                _image_start = LOADADDR (.text)
                0x0000000000040fb0                _image_end = (LOADADDR (.data) + SIZEOF (.data))
                0x0000000000040fb0                _image_size = (_image_end - _image_start)
OUTPUT(lpcxpresso54608_lcdc_tft.axf elf32-littlearm)
LOAD linker stubs

.debug_info     0x0000000000000000    0x152dc
 .debug_info    0x0000000000000000      0x243 ./utilities/fsl_assert.o
 .debug_info    0x0000000000000243      0x6c6 ./startup/startup_lpc54608.o
 .debug_info    0x0000000000000909     0x18b3 ./source/lcdc_tft.o
 .debug_info    0x00000000000021bc      0xe13 ./source/navball.o
 .debug_info    0x0000000000002fcf       0x3c ./source/semihost_hardfault.o
 .debug_info    0x000000000000300b      0x34b ./source/textureMap.o
 .debug_info    0x0000000000003356     0x3102 ./drivers/fsl_clock.o
 .debug_info    0x0000000000006458     0x10f3 ./drivers/fsl_common.o
 .debug_info    0x000000000000754b     0x1c2c ./drivers/fsl_emc.o
 .debug_info    0x0000000000009177     0x19dd ./drivers/fsl_flexcomm.o
 .debug_info    0x000000000000ab54     0x1dbd ./drivers/fsl_lcdc.o
 .debug_info    0x000000000000c911      0xde5 ./drivers/fsl_reset.o
 .debug_info    0x000000000000d6f6     0x2120 ./drivers/fsl_sctimer.o
 .debug_info    0x000000000000f816      0xf2c ./device/system_LPC54608.o
 .debug_info    0x0000000000010742     0x141d ./board/board.o
 .debug_info    0x0000000000011b5f     0x10e6 ./board/clock_config.o
 .debug_info    0x0000000000012c45     0x1302 ./board/pin_mux.o
 .debug_info    0x0000000000013f47     0x1395 /home/tanguy/Documents/Eeloo_Pad/random_test/lpcxpresso54608_lcdc_tft/libs/libpower_hardabi.a(fsl_power_lib.o)

.debug_abbrev   0x0000000000000000     0x2747
 .debug_abbrev  0x0000000000000000       0xe9 ./utilities/fsl_assert.o
 .debug_abbrev  0x00000000000000e9      0x16d ./startup/startup_lpc54608.o
 .debug_abbrev  0x0000000000000256      0x2f2 ./source/lcdc_tft.o
 .debug_abbrev  0x0000000000000548      0x1be ./source/navball.o
 .debug_abbrev  0x0000000000000706       0x31 ./source/semihost_hardfault.o
 .debug_abbrev  0x0000000000000737      0x151 ./source/textureMap.o
 .debug_abbrev  0x0000000000000888      0x38e ./drivers/fsl_clock.o
 .debug_abbrev  0x0000000000000c16      0x28b ./drivers/fsl_common.o
 .debug_abbrev  0x0000000000000ea1      0x292 ./drivers/fsl_emc.o
 .debug_abbrev  0x0000000000001133      0x30f ./drivers/fsl_flexcomm.o
 .debug_abbrev  0x0000000000001442      0x300 ./drivers/fsl_lcdc.o
 .debug_abbrev  0x0000000000001742      0x188 ./drivers/fsl_reset.o
 .debug_abbrev  0x00000000000018ca      0x373 ./drivers/fsl_sctimer.o
 .debug_abbrev  0x0000000000001c3d      0x1fc ./device/system_LPC54608.o
 .debug_abbrev  0x0000000000001e39      0x20e ./board/board.o
 .debug_abbrev  0x0000000000002047      0x1c9 ./board/clock_config.o
 .debug_abbrev  0x0000000000002210      0x1f3 ./board/pin_mux.o
 .debug_abbrev  0x0000000000002403      0x344 /home/tanguy/Documents/Eeloo_Pad/random_test/lpcxpresso54608_lcdc_tft/libs/libpower_hardabi.a(fsl_power_lib.o)

.debug_aranges  0x0000000000000000      0xad0
 .debug_aranges
                0x0000000000000000       0x20 ./utilities/fsl_assert.o
 .debug_aranges
                0x0000000000000020      0x248 ./startup/startup_lpc54608.o
 .debug_aranges
                0x0000000000000268       0x48 ./source/lcdc_tft.o
 .debug_aranges
                0x00000000000002b0       0xa0 ./source/navball.o
 .debug_aranges
                0x0000000000000350       0x20 ./source/semihost_hardfault.o
 .debug_aranges
                0x0000000000000370       0x20 ./source/textureMap.o
 .debug_aranges
                0x0000000000000390      0x2c8 ./drivers/fsl_clock.o
 .debug_aranges
                0x0000000000000658       0x68 ./drivers/fsl_common.o
 .debug_aranges
                0x00000000000006c0       0x68 ./drivers/fsl_emc.o
 .debug_aranges
                0x0000000000000728       0x98 ./drivers/fsl_flexcomm.o
 .debug_aranges
                0x00000000000007c0       0xa0 ./drivers/fsl_lcdc.o
 .debug_aranges
                0x0000000000000860       0x30 ./drivers/fsl_reset.o
 .debug_aranges
                0x0000000000000890       0xc8 ./drivers/fsl_sctimer.o
 .debug_aranges
                0x0000000000000958       0x68 ./device/system_LPC54608.o
 .debug_aranges
                0x00000000000009c0       0x30 ./board/board.o
 .debug_aranges
                0x00000000000009f0       0x48 ./board/clock_config.o
 .debug_aranges
                0x0000000000000a38       0x30 ./board/pin_mux.o
 .debug_aranges
                0x0000000000000a68       0x68 /home/tanguy/Documents/Eeloo_Pad/random_test/lpcxpresso54608_lcdc_tft/libs/libpower_hardabi.a(fsl_power_lib.o)

.debug_ranges   0x0000000000000000      0x9e0
 .debug_ranges  0x0000000000000000       0x10 ./utilities/fsl_assert.o
 .debug_ranges  0x0000000000000010      0x238 ./startup/startup_lpc54608.o
 .debug_ranges  0x0000000000000248       0x38 ./source/lcdc_tft.o
 .debug_ranges  0x0000000000000280       0x90 ./source/navball.o
 .debug_ranges  0x0000000000000310       0x10 ./source/semihost_hardfault.o
 .debug_ranges  0x0000000000000320       0x10 ./source/textureMap.o
 .debug_ranges  0x0000000000000330      0x2b8 ./drivers/fsl_clock.o
 .debug_ranges  0x00000000000005e8       0x58 ./drivers/fsl_common.o
 .debug_ranges  0x0000000000000640       0x58 ./drivers/fsl_emc.o
 .debug_ranges  0x0000000000000698       0x88 ./drivers/fsl_flexcomm.o
 .debug_ranges  0x0000000000000720       0x90 ./drivers/fsl_lcdc.o
 .debug_ranges  0x00000000000007b0       0x20 ./drivers/fsl_reset.o
 .debug_ranges  0x00000000000007d0       0xb8 ./drivers/fsl_sctimer.o
 .debug_ranges  0x0000000000000888       0x58 ./device/system_LPC54608.o
 .debug_ranges  0x00000000000008e0       0x20 ./board/board.o
 .debug_ranges  0x0000000000000900       0x38 ./board/clock_config.o
 .debug_ranges  0x0000000000000938       0x20 ./board/pin_mux.o
 .debug_ranges  0x0000000000000958       0x88 /home/tanguy/Documents/Eeloo_Pad/random_test/lpcxpresso54608_lcdc_tft/libs/libpower_hardabi.a(fsl_power_lib.o)

.debug_macro    0x0000000000000000    0x12510
 .debug_macro   0x0000000000000000      0x166 ./utilities/fsl_assert.o
 .debug_macro   0x0000000000000166      0xad8 ./utilities/fsl_assert.o
 .debug_macro   0x0000000000000c3e       0x10 ./utilities/fsl_assert.o
 .debug_macro   0x0000000000000c4e       0x1c ./utilities/fsl_assert.o
 .debug_macro   0x0000000000000c6a       0x22 ./utilities/fsl_assert.o
 .debug_macro   0x0000000000000c8c      0x12e ./utilities/fsl_assert.o
 .debug_macro   0x0000000000000dba      0x5b3 ./utilities/fsl_assert.o
 .debug_macro   0x000000000000136d       0x22 ./utilities/fsl_assert.o
 .debug_macro   0x000000000000138f       0x10 ./utilities/fsl_assert.o
 .debug_macro   0x000000000000139f       0x38 ./utilities/fsl_assert.o
 .debug_macro   0x00000000000013d7       0x1c ./utilities/fsl_assert.o
 .debug_macro   0x00000000000013f3       0x22 ./utilities/fsl_assert.o
 .debug_macro   0x0000000000001415       0xd8 ./utilities/fsl_assert.o
 .debug_macro   0x00000000000014ed     0x1011 ./utilities/fsl_assert.o
 .debug_macro   0x00000000000024fe      0x11f ./utilities/fsl_assert.o
 .debug_macro   0x000000000000261d       0x2e ./utilities/fsl_assert.o
 .debug_macro   0x000000000000264b     0xdb5e ./utilities/fsl_assert.o
 .debug_macro   0x00000000000101a9      0x357 ./utilities/fsl_assert.o
 .debug_macro   0x0000000000010500       0xd0 ./utilities/fsl_assert.o
 .debug_macro   0x00000000000105d0      0x2a8 ./utilities/fsl_assert.o
 .debug_macro   0x0000000000010878       0x16 ./utilities/fsl_assert.o
 .debug_macro   0x000000000001088e       0xe3 ./utilities/fsl_assert.o
 .debug_macro   0x0000000000010971       0x2e ./utilities/fsl_assert.o
 .debug_macro   0x000000000001099f       0x28 ./utilities/fsl_assert.o
 .debug_macro   0x00000000000109c7       0x32 ./utilities/fsl_assert.o
 .debug_macro   0x00000000000109f9       0x16 ./utilities/fsl_assert.o
 .debug_macro   0x0000000000010a0f       0xd2 ./utilities/fsl_assert.o
 .debug_macro   0x0000000000010ae1       0x1c ./utilities/fsl_assert.o
 .debug_macro   0x0000000000010afd       0x32 ./startup/startup_lpc54608.o
 .debug_macro   0x0000000000010b2f       0x34 ./startup/startup_lpc54608.o
 .debug_macro   0x0000000000010b63      0x23a ./source/lcdc_tft.o
 .debug_macro   0x0000000000010d9d       0xd8 ./source/lcdc_tft.o
 .debug_macro   0x0000000000010e75       0x82 ./source/lcdc_tft.o
 .debug_macro   0x0000000000010ef7       0x28 ./source/lcdc_tft.o
 .debug_macro   0x0000000000010f1f       0x10 ./source/lcdc_tft.o
 .debug_macro   0x0000000000010f2f      0x25f ./source/lcdc_tft.o
 .debug_macro   0x000000000001118e       0x2e ./source/lcdc_tft.o
 .debug_macro   0x00000000000111bc       0x40 ./source/lcdc_tft.o
 .debug_macro   0x00000000000111fc       0x10 ./source/lcdc_tft.o
 .debug_macro   0x000000000001120c       0x2e ./source/lcdc_tft.o
 .debug_macro   0x000000000001123a       0xc4 ./source/lcdc_tft.o
 .debug_macro   0x00000000000112fe       0x16 ./source/lcdc_tft.o
 .debug_macro   0x0000000000011314       0x93 ./source/navball.o
 .debug_macro   0x00000000000113a7       0x11 ./source/semihost_hardfault.o
 .debug_macro   0x00000000000113b8       0x83 ./source/textureMap.o
 .debug_macro   0x000000000001143b       0x10 ./source/textureMap.o
 .debug_macro   0x000000000001144b      0x22f ./drivers/fsl_clock.o
 .debug_macro   0x000000000001167a       0x22 ./drivers/fsl_clock.o
 .debug_macro   0x000000000001169c      0x124 ./drivers/fsl_common.o
 .debug_macro   0x00000000000117c0      0x17b ./drivers/fsl_emc.o
 .debug_macro   0x000000000001193b       0x52 ./drivers/fsl_emc.o
 .debug_macro   0x000000000001198d      0x127 ./drivers/fsl_flexcomm.o
 .debug_macro   0x0000000000011ab4       0x10 ./drivers/fsl_flexcomm.o
 .debug_macro   0x0000000000011ac4      0x151 ./drivers/fsl_lcdc.o
 .debug_macro   0x0000000000011c15       0x28 ./drivers/fsl_lcdc.o
 .debug_macro   0x0000000000011c3d      0x11e ./drivers/fsl_reset.o
 .debug_macro   0x0000000000011d5b      0x12e ./drivers/fsl_sctimer.o
 .debug_macro   0x0000000000011e89       0xdf ./device/system_LPC54608.o
 .debug_macro   0x0000000000011f68      0x1ea ./board/board.o
 .debug_macro   0x0000000000012152       0x58 ./board/board.o
 .debug_macro   0x00000000000121aa      0x13e ./board/clock_config.o
 .debug_macro   0x00000000000122e8       0x1c ./board/clock_config.o
 .debug_macro   0x0000000000012304      0x12a ./board/pin_mux.o
 .debug_macro   0x000000000001242e       0xe2 ./board/pin_mux.o

.debug_line     0x0000000000000000     0x88b0
 .debug_line    0x0000000000000000      0x484 ./utilities/fsl_assert.o
 .debug_line    0x0000000000000484      0x6e0 ./startup/startup_lpc54608.o
 .debug_line    0x0000000000000b64      0x7da ./source/lcdc_tft.o
 .debug_line    0x000000000000133e      0xeb9 ./source/navball.o
 .debug_line    0x00000000000021f7       0x59 ./source/semihost_hardfault.o
 .debug_line    0x0000000000002250      0x2de ./source/textureMap.o
 .debug_line    0x000000000000252e     0x1ea3 ./drivers/fsl_clock.o
 .debug_line    0x00000000000043d1      0x511 ./drivers/fsl_common.o
 .debug_line    0x00000000000048e2      0x8f6 ./drivers/fsl_emc.o
 .debug_line    0x00000000000051d8      0x6c2 ./drivers/fsl_flexcomm.o
 .debug_line    0x000000000000589a      0x898 ./drivers/fsl_lcdc.o
 .debug_line    0x0000000000006132      0x408 ./drivers/fsl_reset.o
 .debug_line    0x000000000000653a      0x9e8 ./drivers/fsl_sctimer.o
 .debug_line    0x0000000000006f22      0x598 ./device/system_LPC54608.o
 .debug_line    0x00000000000074ba      0x58c ./board/board.o
 .debug_line    0x0000000000007a46      0x473 ./board/clock_config.o
 .debug_line    0x0000000000007eb9      0x5da ./board/pin_mux.o
 .debug_line    0x0000000000008493      0x41d /home/tanguy/Documents/Eeloo_Pad/random_test/lpcxpresso54608_lcdc_tft/libs/libpower_hardabi.a(fsl_power_lib.o)

.debug_str      0x0000000000000000    0x91ab6
 .debug_str     0x0000000000000000    0x87733 ./utilities/fsl_assert.o
                                      0x877e4 (size before relaxing)
 .debug_str     0x0000000000087733      0x715 ./startup/startup_lpc54608.o
                                       0x35ed (size before relaxing)
 .debug_str     0x0000000000087e48     0x41b4 ./source/lcdc_tft.o
                                      0x8ba5f (size before relaxing)
 .debug_str     0x000000000008bffc      0x18d ./source/navball.o
                                       0x555c (size before relaxing)
 .debug_str     0x000000000008c189       0x1f ./source/semihost_hardfault.o
                                       0x2eaa (size before relaxing)
 .debug_str     0x000000000008c1a8       0x2e ./source/textureMap.o
                                       0x53bb (size before relaxing)
 .debug_str     0x000000000008c1d6     0x2458 ./drivers/fsl_clock.o
                                      0x8aaa3 (size before relaxing)
 .debug_str     0x000000000008e62e      0x17b ./drivers/fsl_common.o
                                      0x87ca6 (size before relaxing)
 .debug_str     0x000000000008e7a9      0xfde ./drivers/fsl_emc.o
                                      0x89576 (size before relaxing)
 .debug_str     0x000000000008f787      0x36f ./drivers/fsl_flexcomm.o
                                      0x891b9 (size before relaxing)
 .debug_str     0x000000000008faf6      0x589 ./drivers/fsl_lcdc.o
                                      0x894da (size before relaxing)
 .debug_str     0x000000000009007f       0xae ./drivers/fsl_reset.o
                                      0x87c1a (size before relaxing)
 .debug_str     0x000000000009012d      0x77b ./drivers/fsl_sctimer.o
                                      0x89816 (size before relaxing)
 .debug_str     0x00000000000908a8      0x117 ./device/system_LPC54608.o
                                      0x85905 (size before relaxing)
 .debug_str     0x00000000000909bf      0x1ae ./board/board.o
                                      0x89f34 (size before relaxing)
 .debug_str     0x0000000000090b6d       0x93 ./board/clock_config.o
                                      0x8870a (size before relaxing)
 .debug_str     0x0000000000090c00      0x9cc ./board/pin_mux.o
                                      0x88766 (size before relaxing)
 .debug_str     0x00000000000915cc      0x4ea /home/tanguy/Documents/Eeloo_Pad/random_test/lpcxpresso54608_lcdc_tft/libs/libpower_hardabi.a(fsl_power_lib.o)
                                        0xc4a (size before relaxing)

.comment        0x0000000000000000       0xca
 .comment       0x0000000000000000       0x4c ./utilities/fsl_assert.o
                                         0x4d (size before relaxing)
 .comment       0x000000000000004c       0x4d ./startup/startup_lpc54608.o
 .comment       0x000000000000004c       0x4d ./source/lcdc_tft.o
 .comment       0x000000000000004c       0x4d ./source/navball.o
 .comment       0x000000000000004c       0x4d ./source/semihost_hardfault.o
 .comment       0x000000000000004c       0x4d ./source/textureMap.o
 .comment       0x000000000000004c       0x4d ./drivers/fsl_clock.o
 .comment       0x000000000000004c       0x4d ./drivers/fsl_common.o
 .comment       0x000000000000004c       0x4d ./drivers/fsl_emc.o
 .comment       0x000000000000004c       0x4d ./drivers/fsl_flexcomm.o
 .comment       0x000000000000004c       0x4d ./drivers/fsl_lcdc.o
 .comment       0x000000000000004c       0x4d ./drivers/fsl_reset.o
 .comment       0x000000000000004c       0x4d ./drivers/fsl_sctimer.o
 .comment       0x000000000000004c       0x4d ./device/system_LPC54608.o
 .comment       0x000000000000004c       0x4d ./board/board.o
 .comment       0x000000000000004c       0x4d ./board/clock_config.o
 .comment       0x000000000000004c       0x4d ./board/pin_mux.o
 .comment       0x000000000000004c       0x7e /home/tanguy/Documents/Eeloo_Pad/random_test/lpcxpresso54608_lcdc_tft/libs/libpower_hardabi.a(fsl_power_lib.o)
                                         0x7f (size before relaxing)
 .comment       0x00000000000000ca       0x4d /usr/local/mcuxpressoide-11.3.1_5262/ide/plugins/com.nxp.mcuxpresso.tools.linux_11.3.0.202011031536/tools/bin/../lib/gcc/arm-none-eabi/9.3.1/../../../../arm-none-eabi/lib/thumb/v7e-m+fp/hard/libcr_semihost_nf.a(_cr__main.o)
 .comment       0x00000000000000ca       0x4d /usr/local/mcuxpressoide-11.3.1_5262/ide/plugins/com.nxp.mcuxpresso.tools.linux_11.3.0.202011031536/tools/bin/../lib/gcc/arm-none-eabi/9.3.1/../../../../arm-none-eabi/lib/thumb/v7e-m+fp/hard/libcr_c.a(memset.o)
 .comment       0x00000000000000ca       0x4d /usr/local/mcuxpressoide-11.3.1_5262/ide/plugins/com.nxp.mcuxpresso.tools.linux_11.3.0.202011031536/tools/bin/../lib/gcc/arm-none-eabi/9.3.1/../../../../arm-none-eabi/lib/thumb/v7e-m+fp/hard/libcr_c.a(alloc.o)
 .comment       0x00000000000000ca       0x4d /usr/local/mcuxpressoide-11.3.1_5262/ide/plugins/com.nxp.mcuxpresso.tools.linux_11.3.0.202011031536/tools/bin/../lib/gcc/arm-none-eabi/9.3.1/../../../../arm-none-eabi/lib/thumb/v7e-m+fp/hard/libcr_c.a(asin.o)
 .comment       0x00000000000000ca       0x4d /usr/local/mcuxpressoide-11.3.1_5262/ide/plugins/com.nxp.mcuxpresso.tools.linux_11.3.0.202011031536/tools/bin/../lib/gcc/arm-none-eabi/9.3.1/../../../../arm-none-eabi/lib/thumb/v7e-m+fp/hard/libcr_c.a(atan2.o)
 .comment       0x00000000000000ca       0x4d /usr/local/mcuxpressoide-11.3.1_5262/ide/plugins/com.nxp.mcuxpresso.tools.linux_11.3.0.202011031536/tools/bin/../lib/gcc/arm-none-eabi/9.3.1/../../../../arm-none-eabi/lib/thumb/v7e-m+fp/hard/libcr_c.a(cos.o)
 .comment       0x00000000000000ca       0x4d /usr/local/mcuxpressoide-11.3.1_5262/ide/plugins/com.nxp.mcuxpresso.tools.linux_11.3.0.202011031536/tools/bin/../lib/gcc/arm-none-eabi/9.3.1/../../../../arm-none-eabi/lib/thumb/v7e-m+fp/hard/libcr_c.a(errno.o)
 .comment       0x00000000000000ca       0x4d /usr/local/mcuxpressoide-11.3.1_5262/ide/plugins/com.nxp.mcuxpresso.tools.linux_11.3.0.202011031536/tools/bin/../lib/gcc/arm-none-eabi/9.3.1/../../../../arm-none-eabi/lib/thumb/v7e-m+fp/hard/libcr_c.a(fabs.o)
 .comment       0x00000000000000ca       0x4d /usr/local/mcuxpressoide-11.3.1_5262/ide/plugins/com.nxp.mcuxpresso.tools.linux_11.3.0.202011031536/tools/bin/../lib/gcc/arm-none-eabi/9.3.1/../../../../arm-none-eabi/lib/thumb/v7e-m+fp/hard/libcr_c.a(fclose.o)
 .comment       0x00000000000000ca       0x4d /usr/local/mcuxpressoide-11.3.1_5262/ide/plugins/com.nxp.mcuxpresso.tools.linux_11.3.0.202011031536/tools/bin/../lib/gcc/arm-none-eabi/9.3.1/../../../../arm-none-eabi/lib/thumb/v7e-m+fp/hard/libcr_c.a(fflush.o)
 .comment       0x00000000000000ca       0x4d /usr/local/mcuxpressoide-11.3.1_5262/ide/plugins/com.nxp.mcuxpresso.tools.linux_11.3.0.202011031536/tools/bin/../lib/gcc/arm-none-eabi/9.3.1/../../../../arm-none-eabi/lib/thumb/v7e-m+fp/hard/libcr_c.a(fseek.o)
 .comment       0x00000000000000ca       0x4d /usr/local/mcuxpressoide-11.3.1_5262/ide/plugins/com.nxp.mcuxpresso.tools.linux_11.3.0.202011031536/tools/bin/../lib/gcc/arm-none-eabi/9.3.1/../../../../arm-none-eabi/lib/thumb/v7e-m+fp/hard/libcr_c.a(ftell.o)
 .comment       0x00000000000000ca       0x4d /usr/local/mcuxpressoide-11.3.1_5262/ide/plugins/com.nxp.mcuxpresso.tools.linux_11.3.0.202011031536/tools/bin/../lib/gcc/arm-none-eabi/9.3.1/../../../../arm-none-eabi/lib/thumb/v7e-m+fp/hard/libcr_c.a(initio.o)
 .comment       0x00000000000000ca       0x4d /usr/local/mcuxpressoide-11.3.1_5262/ide/plugins/com.nxp.mcuxpresso.tools.linux_11.3.0.202011031536/tools/bin/../lib/gcc/arm-none-eabi/9.3.1/../../../../arm-none-eabi/lib/thumb/v7e-m+fp/hard/libcr_c.a(printf.o)
 .comment       0x00000000000000ca       0x4d /usr/local/mcuxpressoide-11.3.1_5262/ide/plugins/com.nxp.mcuxpresso.tools.linux_11.3.0.202011031536/tools/bin/../lib/gcc/arm-none-eabi/9.3.1/../../../../arm-none-eabi/lib/thumb/v7e-m+fp/hard/libcr_c.a(remove.o)
 .comment       0x00000000000000ca       0x4d /usr/local/mcuxpressoide-11.3.1_5262/ide/plugins/com.nxp.mcuxpresso.tools.linux_11.3.0.202011031536/tools/bin/../lib/gcc/arm-none-eabi/9.3.1/../../../../arm-none-eabi/lib/thumb/v7e-m+fp/hard/libcr_c.a(setvbuf.o)
 .comment       0x00000000000000ca       0x4d /usr/local/mcuxpressoide-11.3.1_5262/ide/plugins/com.nxp.mcuxpresso.tools.linux_11.3.0.202011031536/tools/bin/../lib/gcc/arm-none-eabi/9.3.1/../../../../arm-none-eabi/lib/thumb/v7e-m+fp/hard/libcr_c.a(sin.o)
 .comment       0x00000000000000ca       0x4d /usr/local/mcuxpressoide-11.3.1_5262/ide/plugins/com.nxp.mcuxpresso.tools.linux_11.3.0.202011031536/tools/bin/../lib/gcc/arm-none-eabi/9.3.1/../../../../arm-none-eabi/lib/thumb/v7e-m+fp/hard/libcr_c.a(sqrt.o)
 .comment       0x00000000000000ca       0x4d /usr/local/mcuxpressoide-11.3.1_5262/ide/plugins/com.nxp.mcuxpresso.tools.linux_11.3.0.202011031536/tools/bin/../lib/gcc/arm-none-eabi/9.3.1/../../../../arm-none-eabi/lib/thumb/v7e-m+fp/hard/libcr_c.a(strlen.o)
 .comment       0x00000000000000ca       0x4d /usr/local/mcuxpressoide-11.3.1_5262/ide/plugins/com.nxp.mcuxpresso.tools.linux_11.3.0.202011031536/tools/bin/../lib/gcc/arm-none-eabi/9.3.1/../../../../arm-none-eabi/lib/thumb/v7e-m+fp/hard/libcr_c.a(__init_alloc.o)
 .comment       0x00000000000000ca       0x4d /usr/local/mcuxpressoide-11.3.1_5262/ide/plugins/com.nxp.mcuxpresso.tools.linux_11.3.0.202011031536/tools/bin/../lib/gcc/arm-none-eabi/9.3.1/../../../../arm-none-eabi/lib/thumb/v7e-m+fp/hard/libcr_c.a(_asinacos.o)
 .comment       0x00000000000000ca       0x4d /usr/local/mcuxpressoide-11.3.1_5262/ide/plugins/com.nxp.mcuxpresso.tools.linux_11.3.0.202011031536/tools/bin/../lib/gcc/arm-none-eabi/9.3.1/../../../../arm-none-eabi/lib/thumb/v7e-m+fp/hard/libcr_c.a(_cr_sbrk.o)