fsl_clock.h:699:20:CLOCK_EnableClock	24	static
fsl_clock.h:713:20:CLOCK_DisableClock	24	static
fsl_sctimer.h:482:20:SCTIMER_StartTimer	16	static
fsl_sctimer.h:503:20:SCTIMER_StopTimer	16	static
fsl_sctimer.h:659:20:SCTIMER_SetupOutputSetAction	24	static
fsl_sctimer.h:675:20:SCTIMER_SetupOutputClearAction	24	static
fsl_sctimer.h:703:20:SCTIMER_SetupCounterLimitAction	24	static
fsl_sctimer.c:74:17:SCTIMER_GetInstance	24	static
fsl_sctimer.c:103:10:SCTIMER_Init	24	static
fsl_sctimer.c:159:6:SCTIMER_Deinit	16	static
fsl_sctimer.c:187:6:SCTIMER_GetDefaultConfig	16	static
fsl_sctimer.c:252:10:SCTIMER_SetupPwm	64	static
fsl_sctimer.c:385:6:SCTIMER_UpdatePwmDutycycle	40	static
fsl_sctimer.c:445:10:SCTIMER_CreateAndScheduleEvent	40	static
fsl_sctimer.c:554:6:SCTIMER_ScheduleEvent	16	static
fsl_sctimer.c:572:10:SCTIMER_IncreaseState	24	static
fsl_sctimer.c:598:10:SCTIMER_GetCurrentState	16	static
fsl_sctimer.c:612:6:SCTIMER_SetupOutputToggleAction	32	static
fsl_sctimer.c:642:10:SCTIMER_SetupCaptureAction	32	static
fsl_sctimer.c:697:6:SCTIMER_SetCallback	24	static
fsl_sctimer.c:707:6:SCTIMER_EventHandleIRQ	32	static
fsl_sctimer.c:738:6:SCT0_DriverIRQHandler	8	static
